ets Jul 29 2019 12:21:46

rst:0x1 (POWERON_RESET),boot:0x3 (DOWNLOAD_BOOT(UART0/UART1/SDIO_REI_REO_V2))
waiting for download
ets Jul 29 2019 12:21:46

rst:0x1 (POWERON_RESET),boot:0x13 (SPI_FAST_FLASH_BOOT)
configsip: 0, SPIWP:0xee
clk_drv:0x00,q_drv:0x00,d_drv:0x00,cs0_drv:0x00,hd_drv:0x00,wp_drv:0x00
mode:DIO, clock div:2
load:0x3fff0030,len:7092
load:0x40078000,len:15584
ho 0 tail 12 room 4
load:0x40080400,len:4
load:0x40080404,len:3876
entry 0x4008064c
[0;32mI (31) boot: ESP-IDF HEAD-HASH-NOTFOUND 2nd stage bootloader[0m
[0;32mI (31) boot: compile time Jun  2 2024 11:03:19[0m
[0;32mI (32) boot: Multicore bootloader[0m
[0;32mI (36) boot: chip revision: v3.0[0m
[0;32mI (40) boot.esp32: SPI Speed      : 40MHz[0m
[0;32mI (45) boot.esp32: SPI Mode       : DIO[0m
[0;32mI (49) boot.esp32: SPI Flash Size : 2MB[0m
[0;32mI (54) boot: Enabling RNG early entropy source...[0m
[0;32mI (59) boot: Partition Table:[0m
[0;32mI (63) boot: ## Label            Usage          Type ST Offset   Length[0m
[0;32mI (70) boot:  0 nvs              WiFi data        01 02 00009000 00006000[0m
[0;32mI (78) boot:  1 phy_init         RF data          01 01 0000f000 00001000[0m
[0;32mI (85) boot:  2 factory          factory app      00 00 00010000 00100000[0m
[0;32mI (93) boot: End of partition table[0m
[0;32mI (97) esp_image: segment 0: paddr=00010020 vaddr=3f400020 size=2a688h (173704) map[0m
[0;32mI (168) esp_image: segment 1: paddr=0003a6b0 vaddr=3ffb0000 size=03d48h ( 15688) load[0m
[0;32mI (174) esp_image: segment 2: paddr=0003e400 vaddr=40080000 size=01c18h (  7192) load[0m
[0;32mI (178) esp_image: segment 3: paddr=00040020 vaddr=400d0020 size=a1894h (661652) map[0m
[0;32mI (421) esp_image: segment 4: paddr=000e18bc vaddr=40081c18 size=16930h ( 92464) load[0m
[0;32mI (472) boot: Loaded app from partition at offset 0x10000[0m
[0;32mI (472) boot: Disabling RNG early entropy source...[0m
[0;32mI (484) cpu_start: Multicore app[0m
[0;32mI (484) cpu_start: Pro cpu up.[0m
[0;32mI (484) cpu_start: Starting app cpu, entry point is 0x4008153c[0m
[0;32mI (0) cpu_start: App cpu up.[0m
[0;32mI (502) cpu_start: Pro cpu start user code[0m
[0;32mI (502) cpu_start: cpu freq: 160000000 Hz[0m
[0;32mI (502) cpu_start: Application information:[0m
[0;32mI (507) cpu_start: Project name:     mqtt-tcp[0m
[0;32mI (512) cpu_start: App version:      3bdad92-dirty[0m
[0;32mI (517) cpu_start: Compile time:     Jun 19 2024 16:23:56[0m
[0;32mI (523) cpu_start: ELF file SHA256:  9d826290...[0m
[0;32mI (528) cpu_start: ESP-IDF:          HEAD-HASH-NOTFOUND[0m
[0;32mI (534) cpu_start: Min chip rev:     v0.0[0m
[0;32mI (539) cpu_start: Max chip rev:     v3.99 [0m
[0;32mI (544) cpu_start: Chip rev:         v3.0[0m
[0;32mI (549) heap_init: Initializing. RAM available for dynamic allocation:[0m
[0;32mI (556) heap_init: At 3FFAE6E0 len 00001920 (6 KiB): DRAM[0m
[0;32mI (562) heap_init: At 3FFB8C50 len 000273B0 (156 KiB): DRAM[0m
[0;32mI (568) heap_init: At 3FFE0440 len 00003AE0 (14 KiB): D/IRAM[0m
[0;32mI (574) heap_init: At 3FFE4350 len 0001BCB0 (111 KiB): D/IRAM[0m
[0;32mI (581) heap_init: At 40098548 len 00007AB8 (30 KiB): IRAM[0m
[0;32mI (589) spi_flash: detected chip: generic[0m
[0;32mI (592) spi_flash: flash io: dio[0m
[0;33mW (596) spi_flash: Detected size(4096k) larger than the size in the binary image header(2048k). Using the size in the binary image header.[0m
[0;33mW (609) mcpwm(legacy): legacy driver is deprecated, please migrate to `driver/mcpwm_prelude.h`[0m
[0;32mI (619) app_start: Starting scheduler on CPU0[0m
[0;32mI (623) app_start: Starting scheduler on CPU1[0m
[0;32mI (623) main_task: Started on CPU0[0m
[0;32mI (633) main_task: Calling app_main()[0m
[0;32mI (633) mqtt-logs: [APP] Startup..[0m
[0;32mI (633) mqtt-logs: [APP] Free memory: 275712 bytes[0m
[0;32mI (643) mqtt-logs: [APP] IDF version: HEAD-HASH-NOTFOUND[0m
[0;31mE (643) spi_master: check_trans_valid(763): invalid dev handle[0m

assert failed: spi_master_write_byte st7789.c:189 (ret==ESP_OK)


Backtrace: 0x40081ba2:0x3ffbace0 0x4008ad81:0x3ffbad00 0x40092b39:0x3ffbad20 0x400d8c7d:0x3ffbae40 0x400d8c9d:0x3ffbae90 0x400d8db2:0x3ffbaeb0 0x400d7da0:0x3ffbaed0 0x4016f74f:0x3ffbaf50 0x4008b915:0x3ffbaf80




ELF file SHA256: 9d826290

Rebooting...
ets Jul 29 2019 12:21:46

rst:0xc (SW_CPU_RESET),boot:0x13 (SPI_FAST_FLASH_BOOT)
configsip: 0, SPIWP:0xee
clk_drv:0x00,q_drv:0x00,d_drv:0x00,cs0_drv:0x00,hd_drv:0x00,wp_drv:0x00
mode:DIO, clock div:2
load:0x3fff0030,len:7092
load:0x40078000,len:15584
ho 0 tail 12 room 4
load:0x40080400,len:4
load:0x40080404,len:3876
entry 0x4008064c
[0;32mI (31) boot: ESP-IDF HEAD-HASH-NOTFOUND 2nd stage bootloader[0m
[0;32mI (31) boot: compile time Jun  2 2024 11:03:19[0m
[0;32mI (32) boot: Multicore bootloader[0m
[0;32mI (36) boot: chip revision: v3.0[0m
[0;32mI (40) boot.esp32: SPI Speed      : 40MHz[0m
[0;32mI (45) boot.esp32: SPI Mode       : DIO[0m
[0;32mI (49) boot.esp32: SPI Flash Size : 2MB[0m
[0;32mI (54) boot: Enabling RNG early entropy source...[0m
[0;32mI (59) boot: Partition Table:[0m
[0;32mI (63) boot: ## Label            Usage          Type ST Offset   Length[0m
[0;32mI (70) boot:  0 nvs              WiFi data        01 02 00009000 00006000[0m
[0;32mI (78) boot:  1 phy_init         RF data          01 01 0000f000 00001000[0m
[0;32mI (85) boot:  2 factory          factory app      00 00 00010000 00100000[0m
[0;32mI (93) boot: End of partition table[0m
[0;32mI (97) esp_image: segment 0: paddr=00010020 vaddr=3f400020 size=2a688h (173704) map[0m
[0;32mI (168) esp_image: segment 1: paddr=0003a6b0 vaddr=3ffb0000 size=03d48h ( 15688) load[0m
[0;32mI (174) esp_image: segment 2: paddr=0003e400 vaddr=40080000 size=01c18h (  7192) load[0m
[0;32mI (178) esp_image: segment 3: paddr=00040020 vaddr=400d0020 size=a1894h (661652) map[0m
[0;32mI (421) esp_image: segment 4: paddr=000e18bc vaddr=40081c18 size=16930h ( 92464) load[0m
[0;32mI (472) boot: Loaded app from partition at offset 0x10000[0m
[0;32mI (472) boot: Disabling RNG early entropy source...[0m
[0;32mI (483) cpu_start: Multicore app[0m
[0;32mI (484) cpu_start: Pro cpu up.[0m
[0;32mI (484) cpu_start: Starting app cpu, entry point is 0x4008153c[0m
[0;32mI (471) cpu_start: App cpu up.[0m
[0;32mI (502) cpu_start: Pro cpu start user code[0m
[0;32mI (502) cpu_start: cpu freq: 160000000 Hz[0m
[0;32mI (502) cpu_start: Application information:[0m
[0;32mI (507) cpu_start: Project name:     mqtt-tcp[0m
[0;32mI (512) cpu_start: App version:      3bdad92-dirty[0m
[0;32mI (517) cpu_start: Compile time:     Jun 19 2024 16:23:56[0m
[0;32mI (523) cpu_start: ELF file SHA256:  9d826290...[0m
[0;32mI (529) cpu_start: ESP-IDF:          HEAD-HASH-NOTFOUND[0m
[0;32mI (534) cpu_start: Min chip rev:     v0.0[0m
[0;32mI (539) cpu_start: Max chip rev:     v3.99 [0m
[0;32mI (544) cpu_start: Chip rev:         v3.0[0m
[0;32mI (549) heap_init: Initializing. RAM available for dynamic allocation:[0m
[0;32mI (556) heap_init: At 3FFAE6E0 len 00001920 (6 KiB): DRAM[0m
[0;32mI (562) heap_init: At 3FFB8C50 len 000273B0 (156 KiB): DRAM[0m
[0;32mI (568) heap_init: At 3FFE0440 len 00003AE0 (14 KiB): D/IRAM[0m
[0;32mI (575) heap_init: At 3FFE4350 len 0001BCB0 (111 KiB): D/IRAM[0m
[0;32mI (581) heap_init: At 40098548 len 00007AB8 (30 KiB): IRAM[0m
[0;32mI (589) spi_flash: detected chip: generic[0m
[0;32mI (592) spi_flash: flash io: dio[0m
[0;33mW (596) spi_flash: Detected size(4096k) larger than the size in the binary image header(2048k). Using the size in the binary image header.[0m
[0;33mW (609) mcpwm(legacy): legacy driver is deprecated, please migrate to `driver/mcpwm_prelude.h`[0m
[0;32mI (619) app_start: Starting scheduler on CPU0[0m
[0;32mI (623) app_start: Starting scheduler on CPU1[0m
[0;32mI (623) main_task: Started on CPU0[0m
[0;32mI (633) main_task: Calling app_main()[0m
[0;32mI (633) mqtt-logs: [APP] Startup..[0m
[0;32mI (633) mqtt-logs: [APP] Free memory: 275712 bytes[0m
[0;32mI (643) mqtt-logs: [APP] IDF version: HEAD-HASH-NOTFOUND[0m
[0;31mE (643) spi_master: check_trans_valid(763): invalid dev handle[0m

assert failed: spi_master_write_byte st7789.c:189 (ret==ESP_OK)


Backtrace: 0x40081ba2:0x3ffbace0 0x4008ad81:0x3ffbad00 0x40092b39:0x3ffbad20 0x400d8c7d:0x3ffbae40 0x400d8c9d:0x3ffbae90 0x400d8db2:0x3ffbaeb0 0x400d7da0:0x3ffbaed0 0x4016f74f:0x3ffbaf50 0x4008b915:0x3ffbaf80




ELF file SHA256: 9d826290

Rebooting...
ets Jul 29 2019 12:21:46

rst:0xc (SW_CPU_RESET),boot:0x13 (SPI_FAST_FLASH_BOOT)
configsip: 0, SPIWP:0xee
clk_drv:0x00,q_drv:0x00,d_drv:0x00,cs0_drv:0x00,hd_drv:0x00,wp_drv:0x00
mode:DIO, clock div:2
load:0x3fff0030,len:7092
load:0x40078000,len:15584
ho 0 tail 12 room 4
load:0x40080400,len:4
load:0x40080404,len:3876
entry 0x4008064c
[0;32mI (31) boot: ESP-IDF HEAD-HASH-NOTFOUND 2nd stage bootloader[0m
[0;32mI (31) boot: compile time Jun  2 2024 11:03:19[0m
[0;32mI (32) boot: Multicore bootloader[0m
[0;32mI (36) boot: chip revision: v3.0[0m
[0;32mI (40) boot.esp32: SPI Speed      : 40MHz[0m
[0;32mI (45) boot.esp32: SPI Mode       : DIO[0m
[0;32mI (49) boot.esp32: SPI Flash Size : 2MB[0m
[0;32mI (54) boot: Enabling RNG early entropy source...[0m
[0;32mI (59) boot: Partition Table:[0m
[0;32mI (63) boot: ## Label            Usage          Type ST Offset   Length[0m
[0;32mI (70) boot:  0 nvs              WiFi data        01 02 00009000 00006000[0m
[0;32mI (78) boot:  1 phy_init         RF data          01 01 0000f000 00001000[0m
[0;32mI (85) boot:  2 factory          factory app      00 00 00010000 00100000[0m
[0;32mI (93) boot: End of partition table[0m
[0;32mI (97) esp_image: segment 0: paddr=00010020 vaddr=3f400020 size=2a688h (173704) map[0m
[0;32mI (168) esp_image: segment 1: paddr=0003a6b0 vaddr=3ffb0000 size=03d48h ( 15688) load[0m
[0;32mI (174) esp_image: segment 2: paddr=0003e400 vaddr=40080000 size=01c18h (  7192) load[0m
[0;32mI (178) esp_image: segment 3: paddr=00040020 vaddr=400d0020 size=a1894h (661652) map[0m
[0;32mI (421) esp_image: segment 4: paddr=000e18bc vaddr=40081c18 size=16930h ( 92464) load[0m
[0;32mI (472) boot: Loaded app from partition at offset 0x10000[0m
[0;32mI (472) boot: Disabling RNG early entropy source...[0m
[0;32mI (483) cpu_start: Multicore app[0m
[0;32mI (484) cpu_start: Pro cpu up.[0m
[0;32mI (484) cpu_start: Starting app cpu, entry point is 0x4008153c[0m
[0;32mI (471) cpu_start: App cpu up.[0m
[0;32mI (502) cpu_start: Pro cpu start user code[0m
[0;32mI (502) cpu_start: cpu freq: 160000000 Hz[0m
[0;32mI (502) cpu_start: Application information:[0m
[0;32mI (507) cpu_start: Project name:     mqtt-tcp[0m
[0;32mI (512) cpu_start: App version:      3bdad92-dirty[0m
[0;32mI (517) cpu_start: Compile time:     Jun 19 2024 16:23:56[0m
[0;32mI (523) cpu_start: ELF file SHA256:  9d826290...[0m
[0;32mI (529) cpu_start: ESP-IDF:          HEAD-HASH-NOTFOUND[0m
[0;32mI (534) cpu_start: Min chip rev:     v0.0[0m
[0;32mI (539) cpu_start: Max chip rev:     v3.99 [0m
[0;32mI (544) cpu_start: Chip rev:         v3.0[0m
[0;32mI (549) heap_init: Initializing. RAM available for dynamic allocation:[0m
[0;32mI (556) heap_init: At 3FFAE6E0 len 00001920 (6 KiB): DRAM[0m
[0;32mI (562) heap_init: At 3FFB8C50 len 000273B0 (156 KiB): DRAM[0m
[0;32mI (568) heap_init: At 3FFE0440 len 00003AE0 (14 KiB): D/IRAM[0m
[0;32mI (575) heap_init: At 3FFE4350 len 0001BCB0 (111 KiB): D/IRAM[0m
[0;32mI (581) heap_init: At 40098548 len 00007AB8 (30 KiB): IRAM[0m
[0;32mI (589) spi_flash: detected chip: generic[0m
[0;32mI (592) spi_flash: flash io: dio[0m
[0;33mW (596) spi_flash: Detected size(4096k) larger than the size in the binary image header(2048k). Using the size in the binary image header.[0m
[0;33mW (609) mcpwm(legacy): legacy driver is deprecated, please migrate to `driver/mcpwm_prelude.h`[0m
[0;32mI (619) app_start: Starting scheduler on CPU0[0m
[0;32mI (623) app_start: Starting scheduler on CPU1[0m
[0;32mI (623) main_task: Started on CPU0[0m
[0;32mI (633) main_task: Calling app_main()[0m
[0;32mI (633) mqtt-logs: [APP] Startup..[0m
[0;32mI (633) mqtt-logs: [APP] Free memory: 275712 bytes[0m
[0;32mI (643) mqtt-logs: [APP] IDF version: HEAD-HASH-NOTFOUND[0m
[0;31mE (643) spi_master: check_trans_valid(763): invalid dev handle[0m

assert failed: spi_master_write_byte st7789.c:189 (ret==ESP_OK)


Backtrace: 0x40081ba2:0x3ffbace0 0x4008ad81:0x3ffbad00 0x40092b39:0x3ffbad20 0x400d8c7d:0x3ffbae40 0x400d8c9d:0x3ffbae90 0x400d8db2:0x3ffbaeb0 0x400d7da0:0x3ffbaed0 0x4016f74f:0x3ffbaf50 0x4008b915:0x3ffbaf80




ELF file SHA256: 9d826290

Rebooting...
ets Jul 29 2019 12:21:46

rst:0xc (SW_CPU_RESET),boot:0x13 (SPI_FAST_FLASH_BOOT)
configsip: 0, SPIWP:0xee
clk_drv:0x00,q_drv:0x00,d_drv:0x00,cs0_drv:0x00,hd_drv:0x00,wp_drv:0x00
mode:DIO, clock div:2
load:0x3fff0030,len:7092
load:0x40078000,len:15584
ho 0 tail 12 room 4
load:0x40080400,len:4
load:0x40080404,len:3876
entry 0x4008064c
[0;32mI (31) boot: ESP-IDF HEAD-HASH-NOTFOUND 2nd stage bootloader[0m
[0;32mI (31) boot: compile time Jun  2 2024 11:03:19[0m
[0;32mI (32) boot: Multicore bootloader[0m
[0;32mI (36) boot: chip revision: v3.0[0m
[0;32mI (40) boot.esp32: SPI Speed      : 40MHz[0m
[0;32mI (45) boot.esp32: SPI Mode       : DIO[0m
[0;32mI (49) boot.esp32: SPI Flash Size : 2MB[0m
[0;32mI (54) boot: Enabling RNG early entropy source...[0m
[0;32mI (59) boot: Partition Table:[0m
[0;32mI (63) boot: ## Label            Usage          Type ST Offset   Length[0m
[0;32mI (70) boot:  0 nvs              WiFi data        01 02 00009000 00006000[0m
[0;32mI (78) boot:  1 phy_init         RF data          01 01 0000f000 00001000[0m
[0;32mI (85) boot:  2 factory          factory app      00 00 00010000 00100000[0m
[0;32mI (93) boot: End of partition table[0m
[0;32mI (97) esp_image: segment 0: paddr=00010020 vaddr=3f400020 size=2a688h (173704) map[0m
[0;32mI (168) esp_image: segment 1: paddr=0003a6b0 vaddr=3ffb0000 size=03d48h ( 15688) load[0m
[0;32mI (174) esp_image: segment 2: paddr=0003e400 vaddr=40080000 size=01c18h (  7192) load[0m
[0;32mI (178) esp_image: segment 3: paddr=00040020 vaddr=400d0020 size=a1894h (661652) map[0m
[0;32mI (421) esp_image: segment 4: paddr=000e18bc vaddr=40081c18 size=16930h ( 92464) load[0m
[0;32mI (472) boot: Loaded app from partition at offset 0x10000[0m
[0;32mI (472) boot: Disabling RNG early entropy source...[0m
[0;32mI (483) cpu_start: Multicore app[0m
[0;32mI (484) cpu_start: Pro cpu up.[0m
[0;32mI (484) cpu_start: Starting app cpu, entry point is 0x4008153c[0m
[0;32mI (471) cpu_start: App cpu up.[0m
[0;32mI (502) cpu_start: Pro cpu start user code[0m
[0;32mI (502) cpu_start: cpu freq: 160000000 Hz[0m
[0;32mI (502) cpu_start: Application information:[0m
[0;32mI (507) cpu_start: Project name:     mqtt-tcp[0m
[0;32mI (512) cpu_start: App version:      3bdad92-dirty[0m
[0;32mI (517) cpu_start: Compile time:     Jun 19 2024 16:23:56[0m
[0;32mI (523) cpu_start: ELF file SHA256:  9d826290...[0m
[0;32mI (529) cpu_start: ESP-IDF:          HEAD-HASH-NOTFOUND[0m
[0;32mI (534) cpu_start: Min chip rev:     v0.0[0m
[0;32mI (539) cpu_start: Max chip rev:     v3.99 [0m
[0;32mI (544) cpu_start: Chip rev:         v3.0[0m
[0;32mI (549) heap_init: Initializing. RAM available for dynamic allocation:[0m
[0;32mI (556) heap_init: At 3FFAE6E0 len 00001920 (6 KiB): DRAM[0m
[0;32mI (562) heap_init: At 3FFB8C50 len 000273B0 (156 KiB): DRAM[0m
[0;32mI (568) heap_init: At 3FFE0440 len 00003AE0 (14 KiB): D/IRAM[0m
[0;32mI (575) heap_init: At 3FFE4350 len 0001BCB0 (111 KiB): D/IRAM[0m
[0;32mI (581) heap_init: At 40098548 len 00007AB8 (30 KiB): IRAM[0m
[0;32mI (589) spi_flash: detected chip: generic[0m
[0;32mI (592) spi_flash: flash io: dio[0m
[0;33mW (596) spi_flash: Detected size(4096k) larger than the size in the binary image header(2048k). Using the size in the binary image header.[0m
[0;33mW (609) mcpwm(legacy): legacy driver is deprecated, please migrate to `driver/mcpwm_prelude.h`[0m
[0;32mI (619) app_start: Starting scheduler on CPU0[0m
[0;32mI (623) app_start: Starting scheduler on CPU1[0m
[0;32mI (623) main_task: Started on CPU0[0m
[0;32mI (633) main_task: Calling app_main()[0m
[0;32mI (633) mqtt-logs: [APP] Startup..[0m
[0;32mI (633) mqtt-logs: [APP] Free memory: 275712 bytes[0m
[0;32mI (643) mqtt-logs: [APP] IDF version: HEAD-HASH-NOTFOUND[0m
[0;31mE (643) spi_master: check_trans_valid(763): invalid dev handle[0m

assert failed: spi_master_write_byte st7789.c:189 (ret==ESP_OK)


Backtrace: 0x40081ba2:0x3ffbace0 0x4008ad81:0x3ffbad00 0x40092b39:0x3ffbad20 0x400d8c7d:0x3ffbae40 0x400d8c9d:0x3ffbae90 0x400d8db2:0x3ffbaeb0 0x400d7da0:0x3ffbaed0 0x4016f74f:0x3ffbaf50 0x4008b915:0x3ffbaf80




ELF file SHA256: 9d826290

Rebooting...
ets Jul 29 2019 12:21:46

rst:0xc (SW_CPU_RESET),boot:0x13 (SPI_FAST_FLASH_BOOT)
configsip: 0, SPIWP:0xee
clk_drv:0x00,q_drv:0x00,d_drv:0x00,cs0_drv:0x00,hd_drv:0x00,wp_drv:0x00
mode:DIO, clock div:2
load:0x3fff0030,len:7092
load:0x40078000,len:15584
ho 0 tail 12 room 4
load:0x40080400,len:4
load:0x40080404,len:3876
entry 0x4008064c
[0;32mI (31) boot: ESP-IDF HEAD-HASH-NOTFOUND 2nd stage bootloader[0m
[0;32mI (31) boot: compile time Jun  2 2024 11:03:19[0m
[0;32mI (32) boot: Multicore bootloader[0m
[0;32mI (36) boot: chip revision: v3.0[0m
[0;32mI (40) boot.esp32: SPI Speed      : 40MHz[0m
[0;32mI (45) boot.esp32: SPI Mode       : DIO[0m
[0;32mI (49) boot.esp32: SPI Flash Size : 2MB[0m
[0;32mI (54) boot: Enabling RNG early entropy source...[0m
[0;32mI (59) boot: Partition Table:[0m
[0;32mI (63) boot: ## Label            Usage          Type ST Offset   Length[0m
[0;32mI (70) boot:  0 nvs              WiFi data        01 02 00009000 00006000[0m
[0;32mI (78) boot:  1 phy_init         RF data          01 01 0000f000 00001000[0m
[0;32mI (85) boot:  2 factory          factory app      00 00 00010000 00100000[0m
[0;32mI (93) boot: End of partition table[0m
[0;32mI (97) esp_image: segment 0: paddr=00010020 vaddr=3f400020 size=2a688h (173704) map[0m
[0;32mI (168) esp_image: segment 1: paddr=0003a6b0 vaddr=3ffb0000 size=03d48h ( 15688) load[0m
[0;32mI (174) esp_image: segment 2: paddr=0003e400 vaddr=40080000 size=01c18h (  7192) load[0m
[0;32mI (178) esp_image: segment 3: paddr=00040020 vaddr=400d0020 size=a1894h (661652) map[0m
[0;32mI (421) esp_image: segment 4: paddr=000e18bc vaddr=40081c18 size=16930h ( 92464) load[0m
[0;32mI (472) boot: Loaded app from partition at offset 0x10000[0m
[0;32mI (472) boot: Disabling RNG early entropy source...[0m
[0;32mI (483) cpu_start: Multicore app[0m
[0;32mI (484) cpu_start: Pro cpu up.[0m
[0;32mI (484) cpu_start: Starting app cpu, entry point is 0x4008153c[0m
[0;32mI (471) cpu_start: App cpu up.[0m
[0;32mI (502) cpu_start: Pro cpu start user code[0m
[0;32mI (502) cpu_start: cpu freq: 160000000 Hz[0m
[0;32mI (502) cpu_start: Application information:[0m
[0;32mI (507) cpu_start: Project name:     mqtt-tcp[0m
[0;32mI (512) cpu_start: App version:      3bdad92-dirty[0m
[0;32mI (517) cpu_start: Compile time:     Jun 19 2024 16:23:56[0m
[0;32mI (523) cpu_start: ELF file SHA256:  9d826290...[0m
[0;32mI (529) cpu_start: ESP-IDF:          HEAD-HASH-NOTFOUND[0m
[0;32mI (534) cpu_start: Min chip rev:     v0.0[0m
[0;32mI (539) cpu_start: Max chip rev:     v3.99 [0m
[0;32mI (544) cpu_start: Chip rev:         v3.0[0m
[0;32mI (549) heap_init: Initializing. RAM available for dynamic allocation:[0m
[0;32mI (556) heap_init: At 3FFAE6E0 len 00001920 (6 KiB): DRAM[0m
[0;32mI (562) heap_init: At 3FFB8C50 len 000273B0 (156 KiB): DRAM[0m
[0;32mI (568) heap_init: At 3FFE0440 len 00003AE0 (14 KiB): D/IRAM[0m
[0;32mI (575) heap_init: At 3FFE4350 len 0001BCB0 (111 KiB): D/IRAM[0m
[0;32mI (581) heap_init: At 40098548 len 00007AB8 (30 KiB): IRAM[0m
[0;32mI (589) spi_flash: detected chip: generic[0m
[0;32mI (592) spi_flash: flash io: dio[0m
[0;33mW (596) spi_flash: Detected size(4096k) larger than the size in the binary image header(2048k). Using the size in the binary image header.[0m
[0;33mW (609) mcpwm(legacy): legacy driver is deprecated, please migrate to `driver/mcpwm_prelude.h`[0m
[0;32mI (619) app_start: Starting scheduler on CPU0[0m
[0;32mI (623) app_start: Starting scheduler on CPU1[0m
[0;32mI (623) main_task: Started on CPU0[0m
[0;32mI (633) main_task: Calling app_main()[0m
[0;32mI (633) mqtt-logs: [APP] Startup..[0m
[0;32mI (633) mqtt-logs: [APP] Free memory: 275712 bytes[0m
[0;32mI (643) mqtt-logs: [APP] IDF version: HEAD-HASH-NOTFOUND[0m
[0;31mE (643) spi_master: check_trans_valid(763): invalid dev handle[0m

assert failed: spi_master_write_byte st7789.c:189 (ret==ESP_OK)


Backtrace: 0x40081ba2:0x3ffbace0 0x4008ad81:0x3ffbad00 0x40092b39:0x3ffbad20 0x400d8c7d:0x3ffbae40 0x400d8c9d:0x3ffbae90 0x400d8db2:0x3ffbaeb0 0x400d7da0:0x3ffbaed0 0x4016f74f:0x3ffbaf50 0x4008b915:0x3ffbaf80




ELF file SHA256: 9d826290

Rebooting...
ets Jul 29 2019 12:21:46

rst:0xc (SW_CPU_RESET),boot:0x13 (SPI_FAST_FLASH_BOOT)
configsip: 0, SPIWP:0xee
clk_drv:0x00,q_drv:0x00,d_drv:0x00,cs0_drv:0x00,hd_drv:0x00,wp_drv:0x00
mode:DIO, clock div:2
load:0x3fff0030,len:7092
load:0x40078000,len:15584
ho 0 tail 12 room 4
load:0x40080400,len:4
load:0x40080404,len:3876
entry 0x4008064c
[0;32mI (31) boot: ESP-IDF HEAD-HASH-NOTFOUND 2nd stage bootloader[0m
[0;32mI (31) boot: compile time Jun  2 2024 11:03:19[0m
[0;32mI (32) boot: Multicore bootloader[0m
[0;32mI (36) boot: chip revision: v3.0[0m
[0;32mI (40) boot.esp32: SPI Speed      : 40MHz[0m
[0;32mI (45) boot.esp32: SPI Mode       : DIO[0m
[0;32mI (49) boot.esp32: SPI Flash Size : 2MB[0m
[0;32mI (54) boot: Enabling RNG early entropy source...[0m
[0;32mI (59) boot: Partition Table:[0m
[0;32mI (63) boot: ## Label            Usage          Type ST Offset   Length[0m
[0;32mI (70) boot:  0 nvs              WiFi data        01 02 00009000 00006000[0m
[0;32mI (78) boot:  1 phy_init         RF data          01 01 0000f000 00001000[0m
[0;32mI (85) boot:  2 factory          factory app      00 00 00010000 00100000[0m
[0;32mI (93) boot: End of partition table[0m
[0;32mI (97) esp_image: segment 0: paddr=00010020 vaddr=3f400020 size=2a688h (173704) map[0m
[0;32mI (168) esp_image: segment 1: paddr=0003a6b0 vaddr=3ffb0000 size=03d48h ( 15688) load[0m
[0;32mI (174) esp_image: segment 2: paddr=0003e400 vaddr=40080000 size=01c18h (  7192) load[0m
[0;32mI (178) esp_image: segment 3: paddr=00040020 vaddr=400d0020 size=a1894h (661652) map[0m
[0;32mI (421) esp_image: segment 4: paddr=000e18bc vaddr=40081c18 size=16930h ( 92464) load[0m
[0;32mI (472) boot: Loaded app from partition at offset 0x10000[0m
[0;32mI (472) boot: Disabling RNG early entropy source...[0m
[0;32mI (483) cpu_start: Multicore app[0m
[0;32mI (484) cpu_start: Pro cpu up.[0m
[0;32mI (484) cpu_start: Starting app cpu, entry point is 0x4008153c[0m
[0;32mI (471) cpu_start: App cpu up.[0m
[0;32mI (502) cpu_start: Pro cpu start user code[0m
[0;32mI (502) cpu_start: cpu freq: 160000000 Hz[0m
[0;32mI (502) cpu_start: Application information:[0m
[0;32mI (507) cpu_start: Project name:     mqtt-tcp[0m
[0;32mI (512) cpu_start: App version:      3bdad92-dirty[0m
[0;32mI (517) cpu_start: Compile time:     Jun 19 2024 16:23:56[0m
[0;32mI (523) cpu_start: ELF file SHA256:  9d826290...[0m
[0;32mI (529) cpu_start: ESP-IDF:          HEAD-HASH-NOTFOUND[0m
[0;32mI (534) cpu_start: Min chip rev:     v0.0[0m
[0;32mI (539) cpu_start: Max chip rev:     v3.99 [0m
[0;32mI (544) cpu_start: Chip rev:         v3.0[0m
[0;32mI (549) heap_init: Initializing. RAM available for dynamic allocation:[0m
[0;32mI (556) heap_init: At 3FFAE6E0 len 00001920 (6 KiB): DRAM[0m
[0;32mI (562) heap_init: At 3FFB8C50 len 000273B0 (156 KiB): DRAM[0m
[0;32mI (568) heap_init: At 3FFE0440 len 00003AE0 (14 KiB): D/IRAM[0m
[0;32mI (575) heap_init: At 3FFE4350 len 0001BCB0 (111 KiB): D/IRAM[0m
[0;32mI (581) heap_init: At 40098548 len 00007AB8 (30 KiB): IRAM[0m
[0;32mI (589) spi_flash: detected chip: generic[0m
[0;32mI (592) spi_flash: flash io: dio[0m
[0;33mW (596) spi_flash: Detected size(4096k) larger than the size in the binary image header(2048k). Using the size in the binary image header.[0m
[0;33mW (609) mcpwm(legacy): legacy driver is deprecated, please migrate to `driver/mcpwm_prelude.h`[0m
[0;32mI (619) app_start: Starting scheduler on CPU0[0m
[0;32mI (623) app_start: Starting scheduler on CPU1[0m
[0;32mI (623) main_task: Started on CPU0[0m
[0;32mI (633) main_task: Calling app_main()[0m
[0;32mI (633) mqtt-logs: [APP] Startup..[0m
[0;32mI (633) mqtt-logs: [APP] Free memory: 275712 bytes[0m
[0;32mI (643) mqtt-logs: [APP] IDF version: HEAD-HASH-NOTFOUND[0m
[0;31mE (643) spi_master: check_trans_valid(763): invalid dev handle[0m

assert failed: spi_master_write_byte st7789.c:189 (ret==ESP_OK)


Backtrace: 0x40081ba2:0x3ffbace0 0x4008ad81:0x3ffbad00 0x40092b39:0x3ffbad20 0x400d8c7d:0x3ffbae40 0x400d8c9d:0x3ffbae90 0x400d8db2:0x3ffbaeb0 0x400d7da0:0x3ffbaed0 0x4016f74f:0x3ffbaf50 0x4008b915:0x3ffbaf80




ELF file SHA256: 9d826290

Rebooting...
ets Jul 29 2019 12:21:46

rst:0xc (SW_CPU_RESET),boot:0x13 (SPI_FAST_FLASH_BOOT)
configsip: 0, SPIWP:0xee
clk_drv:0x00,q_drv:0x00,d_drv:0x00,cs0_drv:0x00,hd_drv:0x00,wp_drv:0x00
mode:DIO, clock div:2
load:0x3fff0030,len:7092
load:0x40078000,len:15584
ho 0 tail 12 room 4
load:0x40080400,len:4
load:0x40080404,len:3876
entry 0x4008064c
[0;32mI (31) boot: ESP-IDF HEAD-HASH-NOTFOUND 2nd stage bootloader[0m
[0;32mI (31) boot: compile time Jun  2 2024 11:03:19[0m
[0;32mI (32) boot: Multicore bootloader[0m
[0;32mI (36) boot: chip revision: v3.0[0m
[0;32mI (40) boot.esp32: SPI Speed      : 40MHz[0m
[0;32mI (45) boot.esp32: SPI Mode       : DIO[0m
[0;32mI (49) boot.esp32: SPI Flash Size : 2MB[0m
[0;32mI (54) boot: Enabling RNG early entropy source...[0m
[0;32mI (59) boot: Partition Table:[0m
[0;32mI (63) boot: ## Label            Usage          Type ST Offset   Length[0m
[0;32mI (70) boot:  0 nvs              WiFi data        01 02 00009000 00006000[0m
[0;32mI (78) boot:  1 phy_init         RF data          01 01 0000f000 00001000[0m
[0;32mI (85) boot:  2 factory          factory app      00 00 00010000 00100000[0m
[0;32mI (93) boot: End of partition table[0m
[0;32mI (97) esp_image: segment 0: paddr=00010020 vaddr=3f400020 size=2a688h (173704) map[0m
[0;32mI (168) esp_image: segment 1: paddr=0003a6b0 vaddr=3ffb0000 size=03d48h ( 15688) load[0m
[0;32mI (174) esp_image: segment 2: paddr=0003e400 vaddr=40080000 size=01c18h (  7192) load[0m
[0;32mI (178) esp_image: segment 3: paddr=00040020 vaddr=400d0020 size=a1894h (661652) map[0m
[0;32mI (421) esp_image: segment 4: paddr=000e18bc vaddr=40081c18 size=16930h ( 92464) load[0m
[0;32mI (472) boot: Loaded app from partition at offset 0x10000[0m
[0;32mI (472) boot: Disabling RNG early entropy source...[0m
[0;32mI (483) cpu_start: Multicore app[0m
[0;32mI (484) cpu_start: Pro cpu up.[0m
[0;32mI (484) cpu_start: Starting app cpu, entry point is 0x4008153c[0m
[0;32mI (471) cpu_start: App cpu up.[0m
[0;32mI (502) cpu_start: Pro cpu start user code[0m
[0;32mI (502) cpu_start: cpu freq: 160000000 Hz[0m
[0;32mI (502) cpu_start: Application information:[0m
[0;32mI (507) cpu_start: Project name:     mqtt-tcp[0m
[0;32mI (512) cpu_start: App version:      3bdad92-dirty[0m
[0;32mI (517) cpu_start: Compile time:     Jun 19 2024 16:23:56[0m
[0;32mI (523) cpu_start: ELF file SHA256:  9d826290...[0m
[0;32mI (529) cpu_start: ESP-IDF:          HEAD-HASH-NOTFOUND[0m
[0;32mI (534) cpu_start: Min chip rev:     v0.0[0m
[0;32mI (539) cpu_start: Max chip rev:     v3.99 [0m
[0;32mI (544) cpu_start: Chip rev:         v3.0[0m
[0;32mI (549) heap_init: Initializing. RAM available for dynamic allocation:[0m
[0;32mI (556) heap_init: At 3FFAE6E0 len 00001920 (6 KiB): DRAM[0m
[0;32mI (562) heap_init: At 3FFB8C50 len 000273B0 (156 KiB): DRAM[0m
[0;32mI (568) heap_init: At 3FFE0440 len 00003AE0 (14 KiB): D/IRAM[0m
[0;32mI (575) heap_init: At 3FFE4350 len 0001BCB0 (111 KiB): D/IRAM[0m
[0;32mI (581) heap_init: At 40098548 len 00007AB8 (30 KiB): IRAM[0m
[0;32mI (589) spi_flash: detected chip: generic[0m
[0;32mI (592) spi_flash: flash io: dio[0m
[0;33mW (596) spi_flash: Detected size(4096k) larger than the size in the binary image header(2048k). Using the size in the binary image header.[0m
[0;33mW (609) mcpwm(legacy): legacy driver is deprecated, please migrate to `driver/mcpwm_prelude.h`[0m
[0;32mI (619) app_start: Starting scheduler on CPU0[0m
[0;32mI (623) app_start: Starting scheduler on CPU1[0m
[0;32mI (623) main_task: Started on CPU0[0m
[0;32mI (633) main_task: Calling app_main()[0m
[0;32mI (633) mqtt-logs: [APP] Startup..[0m
[0;32mI (633) mqtt-logs: [APP] Free memory: 275712 bytes[0m
[0;32mI (643) mqtt-logs: [APP] IDF version: HEAD-HASH-NOTFOUND[0m
[0;31mE (643) spi_master: check_trans_valid(763): invalid dev handle[0m

assert failed: spi_master_write_byte st7789.c:189 (ret==ESP_OK)


Backtrace: 0x40081ba2:0x3ffbace0 0x4008ad81:0x3ffbad00 0x40092b39:0x3ffbad20 0x400d8c7d:0x3ffbae40 0x400d8c9d:0x3ffbae90 0x400d8db2:0x3ffbaeb0 0x400d7da0:0x3ffbaed0 0x4016f74f:0x3ffbaf50 0x4008b915:0x3ffbaf80




ELF file SHA256: 9d826290

Rebooting...
ets Jul 29 2019 12:21:46

rst:0xc (SW_CPU_RESET),boot:0x13 (SPI_FAST_FLASH_BOOT)
configsip: 0, SPIWP:0xee
clk_drv:0x00,q_drv:0x00,d_drv:0x00,cs0_drv:0x00,hd_drv:0x00,wp_drv:0x00
mode:DIO, clock div:2
load:0x3fff0030,len:7092
load:0x40078000,len:15584
ho 0 tail 12 room 4
load:0x40080400,len:4
load:0x40080404,len:3876
entry 0x4008064c
[0;32mI (31) boot: ESP-IDF HEAD-HASH-NOTFOUND 2nd stage bootloader[0m
[0;32mI (31) boot: compile time Jun  2 2024 11:03:19[0m
[0;32mI (32) boot: Multicore bootloader[0m
[0;32mI (36) boot: chip revision: v3.0[0m
[0;32mI (40) boot.esp32: SPI Speed      : 40MHz[0m
[0;32mI (45) boot.esp32: SPI Mode       : DIO[0m
[0;32mI (49) boot.esp32: SPI Flash Size : 2MB[0m
[0;32mI (54) boot: Enabling RNG early entropy source...[0m
[0;32mI (59) boot: Partition Table:[0m
[0;32mI (63) boot: ## Label            Usage          Type ST Offset   Length[0m
[0;32mI (70) boot:  0 nvs              WiFi data        01 02 00009000 00006000[0m
[0;32mI (78) boot:  1 phy_init         RF data          01 01 0000f000 00001000[0m
[0;32mI (85) boot:  2 factory          factory app      00 00 00010000 00100000[0m
[0;32mI (93) boot: End of partition table[0m
[0;32mI (97) esp_image: segment 0: paddr=00010020 vaddr=3f400020 size=2a688h (173704) map[0m
[0;32mI (168) esp_image: segment 1: paddr=0003a6b0 vaddr=3ffb0000 size=03d48h ( 15688) load[0m
[0;32mI (174) esp_image: segment 2: paddr=0003e400 vaddr=40080000 size=01c18h (  7192) load[0m
[0;32mI (178) esp_image: segment 3: paddr=00040020 vaddr=400d0020 size=a1894h (661652) map[0m
[0;32mI (421) esp_image: segment 4: paddr=000e18bc vaddr=40081c18 size=16930h ( 92464) load[0m
[0;32mI (472) boot: Loaded app from partition at offset 0x10000[0m
[0;32mI (472) boot: Disabling RNG early entropy source...[0m
[0;32mI (483) cpu_start: Multicore app[0m
[0;32mI (484) cpu_start: Pro cpu up.[0m
[0;32mI (484) cpu_start: Starting app cpu, entry point is 0x4008153c[0m
[0;32mI (471) cpu_start: App cpu up.[0m
[0;32mI (502) cpu_start: Pro cpu start user code[0m
[0;32mI (502) cpu_start: cpu freq: 160000000 Hz[0m
[0;32mI (502) cpu_start: Application information:[0m
[0;32mI (507) cpu_start: Project name:     mqtt-tcp[0m
[0;32mI (512) cpu_start: App version:      3bdad92-dirty[0m
[0;32mI (517) cpu_start: Compile time:     Jun 19 2024 16:23:56[0m
[0;32mI (523) cpu_start: ELF file SHA256:  9d826290...[0m
[0;32mI (529) cpu_start: ESP-IDF:          HEAD-HASH-NOTFOUND[0m
[0;32mI (534) cpu_start: Min chip rev:     v0.0[0m
[0;32mI (539) cpu_start: Max chip rev:     v3.99 [0m
[0;32mI (544) cpu_start: Chip rev:         v3.0[0m
[0;32mI (549) heap_init: Initializing. RAM available for dynamic allocation:[0m
[0;32mI (556) heap_init: At 3FFAE6E0 len 00001920 (6 KiB): DRAM[0m
[0;32mI (562) heap_init: At 3FFB8C50 len 000273B0 (156 KiB): DRAM[0m
[0;32mI (568) heap_init: At 3FFE0440 len 00003AE0 (14 KiB): D/IRAM[0m
[0;32mI (575) heap_init: At 3FFE4350 len 0001BCB0 (111 KiB): D/IRAM[0m
[0;32mI (581) heap_init: At 40098548 len 00007AB8 (30 KiB): IRAM[0m
[0;32mI (589) spi_flash: detected chip: generic[0m
[0;32mI (592) spi_flash: flash io: dio[0m
[0;33mW (596) spi_flash: Detected size(4096k) larger than the size in the binary image header(2048k). Using the size in the binary image header.[0m
[0;33mW (609) mcpwm(legacy): legacy driver is deprecated, please migrate to `driver/mcpwm_prelude.h`[0m
[0;32mI (619) app_start: Starting scheduler on CPU0[0m
[0;32mI (623) app_start: Starting scheduler on CPU1[0m
[0;32mI (623) main_task: Started on CPU0[0m
[0;32mI (633) main_task: Calling app_main()[0m
[0;32mI (633) mqtt-logs: [APP] Startup..[0m
[0;32mI (633) mqtt-logs: [APP] Free memory: 275712 bytes[0m
[0;32mI (643) mqtt-logs: [APP] IDF version: HEAD-HASH-NOTFOUND[0m
[0;31mE (643) spi_master: check_trans_valid(763): invalid dev handle[0m

assert failed: spi_master_write_byte st7789.c:189 (ret==ESP_OK)


Backtrace: 0x40081ba2:0x3ffbace0 0x4008ad81:0x3ffbad00 0x40092b39:0x3ffbad20 0x400d8c7d:0x3ffbae40 0x400d8c9d:0x3ffbae90 0x400d8db2:0x3ffbaeb0 0x400d7da0:0x3ffbaed0 0x4016f74f:0x3ffbaf50 0x4008b915:0x3ffbaf80




ELF file SHA256: 9d826290

Rebooting...
ets Jul 29 2019 12:21:46

rst:0xc (SW_CPU_RESET),boot:0x13 (SPI_FAST_FLASH_BOOT)
configsip: 0, SPIWP:0xee
clk_drv:0x00,q_drv:0x00,d_drv:0x00,cs0_drv:0x00,hd_drv:0x00,wp_drv:0x00
mode:DIO, clock div:2
load:0x3fff0030,len:7092
load:0x40078000,len:15584
ho 0 tail 12 room 4
load:0x40080400,len:4
load:0x40080404,len:3876
entry 0x4008064c
[0;32mI (31) boot: ESP-IDF HEAD-HASH-NOTFOUND 2nd stage bootloader[0m
[0;32mI (31) boot: compile time Jun  2 2024 11:03:19[0m
[0;32mI (32) boot: Multicore bootloader[0m
[0;32mI (36) boot: chip revision: v3.0[0m
[0;32mI (40) boot.esp32: SPI Speed      : 40MHz[0m
[0;32mI (45) boot.esp32: SPI Mode       : DIO[0m
[0;32mI (49) boot.esp32: SPI Flash Size : 2MB[0m
[0;32mI (54) boot: Enabling RNG early entropy source...[0m
[0;32mI (59) boot: Partition Table:[0m
[0;32mI (63) boot: ## Label            Usage          Type ST Offset   Length[0m
[0;32mI (70) boot:  0 nvs              WiFi data        01 02 00009000 00006000[0m
[0;32mI (78) boot:  1 phy_init         RF data          01 01 0000f000 00001000[0m
[0;32mI (85) boot:  2 factory          factory app      00 00 00010000 00100000[0m
[0;32mI (93) boot: End of partition table[0m
[0;32mI (97) esp_image: segment 0: paddr=00010020 vaddr=3f400020 size=2a688h (173704) map[0m
[0;32mI (168) esp_image: segment 1: paddr=0003a6b0 vaddr=3ffb0000 size=03d48h ( 15688) load[0m
[0;32mI (174) esp_image: segment 2: paddr=0003e400 vaddr=40080000 size=01c18h (  7192) load[0m
[0;32mI (178) esp_image: segment 3: paddr=00040020 vaddr=400d0020 size=a1894h (661652) map[0m
[0;32mI (421) esp_image: segment 4: paddr=000e18bc vaddr=40081c18 size=16930h ( 92464) load[0m
[0;32mI (472) boot: Loaded app from partition at offset 0x10000[0m
[0;32mI (472) boot: Disabling RNG early entropy source...[0m
[0;32mI (483) cpu_start: Multicore app[0m
[0;32mI (484) cpu_start: Pro cpu up.[0m
[0;32mI (484) cpu_start: Starting app cpu, entry point is 0x4008153c[0m
[0;32mI (471) cpu_start: App cpu up.[0m
[0;32mI (502) cpu_start: Pro cpu start user code[0m
[0;32mI (502) cpu_start: cpu freq: 160000000 Hz[0m
[0;32mI (502) cpu_start: Application information:[0m
[0;32mI (507) cpu_start: Project name:     mqtt-tcp[0m
[0;32mI (512) cpu_start: App version:      3bdad92-dirty[0m
[0;32mI (517) cpu_start: Compile time:     Jun 19 2024 16:23:56[0m
[0;32mI (523) cpu_start: ELF file SHA256:  9d826290...[0m
[0;32mI (529) cpu_start: ESP-IDF:          HEAD-HASH-NOTFOUND[0m
[0;32mI (534) cpu_start: Min chip rev:     v0.0[0m
[0;32mI (539) cpu_start: Max chip rev:     v3.99 [0m
[0;32mI (544) cpu_start: Chip rev:         v3.0[0m
[0;32mI (549) heap_init: Initializing. RAM available for dynamic allocation:[0m
[0;32mI (556) heap_init: At 3FFAE6E0 len 00001920 (6 KiB): DRAM[0m
[0;32mI (562) heap_init: At 3FFB8C50 len 000273B0 (156 KiB): DRAM[0m
[0;32mI (568) heap_init: At 3FFE0440 len 00003AE0 (14 KiB): D/IRAM[0m
[0;32mI (575) heap_init: At 3FFE4350 len 0001BCB0 (111 KiB): D/IRAM[0m
[0;32mI (581) heap_init: At 40098548 len 00007AB8 (30 KiB): IRAM[0m
[0;32mI (589) spi_flash: detected chip: generic[0m
[0;32mI (592) spi_flash: flash io: dio[0m
[0;33mW (596) spi_flash: Detected size(4096k) larger than the size in the binary image header(2048k). Using the size in the binary image header.[0m
[0;33mW (609) mcpwm(legacy): legacy driver is deprecated, please migrate to `driver/mcpwm_prelude.h`[0m
[0;32mI (619) app_start: Starting scheduler on CPU0[0m
[0;32mI (623) app_start: Starting scheduler on CPU1[0m
[0;32mI (623) main_task: Started on CPU0[0m
[0;32mI (633) main_task: Calling app_main()[0m
[0;32mI (633) mqtt-logs: [APP] Startup..[0m
[0;32mI (633) mqtt-logs: [APP] Free memory: 275712 bytes[0m
[0;32mI (643) mqtt-logs: [APP] IDF version: HEAD-HASH-NOTFOUND[0m
[0;31mE (643) spi_master: check_trans_valid(763): invalid dev handle[0m

assert failed: spi_master_write_byte st7789.c:189 (ret==ESP_OK)


Backtrace: 0x40081ba2:0x3ffbace0 0x4008ad81:0x3ffbad00 0x40092b39:0x3ffbad20 0x400d8c7d:0x3ffbae40 0x400d8c9d:0x3ffbae90 0x400d8db2:0x3ffbaeb0 0x400d7da0:0x3ffbaed0 0x4016f74f:0x3ffbaf50 0x4008b915:0x3ffbaf80




ELF file SHA256: 9d826290

Rebooting...
ets Jul 29 2019 12:21:46

rst:0xc (SW_CPU_RESET),boot:0x13 (SPI_FAST_FLASH_BOOT)
configsip: 0, SPIWP:0xee
clk_drv:0x00,q_drv:0x00,d_drv:0x00,cs0_drv:0x00,hd_drv:0x00,wp_drv:0x00
mode:DIO, clock div:2
load:0x3fff0030,len:7092
load:0x40078000,len:15584
ho 0 tail 12 room 4
load:0x40080400,len:4
load:0x40080404,len:3876
entry 0x4008064c
[0;32mI (31) boot: ESP-IDF HEAD-HASH-NOTFOUND 2nd stage bootloader[0m
[0;32mI (31) boot: compile time Jun  2 2024 11:03:19[0m
[0;32mI (32) boot: Multicore bootloader[0m
[0;32mI (36) boot: chip revision: v3.0[0m
[0;32mI (40) boot.esp32: SPI Speed      : 40MHz[0m
[0;32mI (45) boot.esp32: SPI Mode       : DIO[0m
[0;32mI (49) boot.esp32: SPI Flash Size : 2MB[0m
[0;32mI (54) boot: Enabling RNG early entropy source...[0m
[0;32mI (59) boot: Partition Table:[0m
[0;32mI (63) boot: ## Label            Usage          Type ST Offset   Length[0m
[0;32mI (70) boot:  0 nvs              WiFi data        01 02 00009000 00006000[0m
[0;32mI (78) boot:  1 phy_init         RF data          01 01 0000f000 00001000[0m
[0;32mI (85) boot:  2 factory          factory app      00 00 00010000 00100000[0m
[0;32mI (93) boot: End of partition table[0m
[0;32mI (97) esp_image: segment 0: paddr=00010020 vaddr=3f400020 size=2a688h (173704) map[0m
[0;32mI (168) esp_image: segment 1: paddr=0003a6b0 vaddr=3ffb0000 size=03d48h ( 15688) load[0m
[0;32mI (174) esp_image: segment 2: paddr=0003e400 vaddr=40080000 size=01c18h (  7192) load[0m
[0;32mI (178) esp_image: segment 3: paddr=00040020 vaddr=400d0020 size=a1894h (661652) map[0m
[0;32mI (421) esp_image: segment 4: paddr=000e18bc vaddr=40081c18 size=16930h ( 92464) load[0m
[0;32mI (472) boot: Loaded app from partition at offset 0x10000[0m
[0;32mI (472) boot: Disabling RNG early entropy source...[0m
[0;32mI (483) cpu_start: Multicore app[0m
[0;32mI (484) cpu_start: Pro cpu up.[0m
[0;32mI (484) cpu_start: Starting app cpu, entry point is 0x4008153c[0m
[0;32mI (471) cpu_start: App cpu up.[0m
[0;32mI (502) cpu_start: Pro cpu start user code[0m
[0;32mI (502) cpu_start: cpu freq: 160000000 Hz[0m
[0;32mI (502) cpu_start: Application information:[0m
[0;32mI (507) cpu_start: Project name:     mqtt-tcp[0m
[0;32mI (512) cpu_start: App version:      3bdad92-dirty[0m
[0;32mI (517) cpu_start: Compile time:     Jun 19 2024 16:23:56[0m
[0;32mI (523) cpu_start: ELF file SHA256:  9d826290...[0m
[0;32mI (529) cpu_start: ESP-IDF:          HEAD-HASH-NOTFOUND[0m
[0;32mI (534) cpu_start: Min chip rev:     v0.0[0m
[0;32mI (539) cpu_start: Max chip rev:     v3.99 [0m
[0;32mI (544) cpu_start: Chip rev:         v3.0[0m
[0;32mI (549) heap_init: Initializing. RAM available for dynamic allocation:[0m
[0;32mI (556) heap_init: At 3FFAE6E0 len 00001920 (6 KiB): DRAM[0m
[0;32mI (562) heap_init: At 3FFB8C50 len 000273B0 (156 KiB): DRAM[0m
[0;32mI (568) heap_init: At 3FFE0440 len 00003AE0 (14 KiB): D/IRAM[0m
[0;32mI (575) heap_init: At 3FFE4350 len 0001BCB0 (111 KiB): D/IRAM[0m
[0;32mI (581) heap_init: At 40098548 len 00007AB8 (30 KiB): IRAM[0m
[0;32mI (589) spi_flash: detected chip: generic[0m
[0;32mI (592) spi_flash: flash io: dio[0m
[0;33mW (596) spi_flash: Detected size(4096k) larger than the size in the binary image header(2048k). Using the size in the binary image header.[0m
[0;33mW (609) mcpwm(legacy): legacy driver is deprecated, please migrate to `driver/mcpwm_prelude.h`[0m
[0;32mI (619) app_start: Starting scheduler on CPU0[0m
[0;32mI (623) app_start: Starting scheduler on CPU1[0m
[0;32mI (623) main_task: Started on CPU0[0m
[0;32mI (633) main_task: Calling app_main()[0m
[0;32mI (633) mqtt-logs: [APP] Startup..[0m
[0;32mI (633) mqtt-logs: [APP] Free memory: 275712 bytes[0m
[0;32mI (643) mqtt-logs: [APP] IDF version: HEAD-HASH-NOTFOUND[0m
[0;31mE (643) spi_master: check_trans_valid(763): invalid dev handle[0m

assert failed: spi_master_write_byte st7789.c:189 (ret==ESP_OK)


Backtrace: 0x40081ba2:0x3ffbace0 0x4008ad81:0x3ffbad00 0x40092b39:0x3ffbad20 0x400d8c7d:0x3ffbae40 0x400d8c9d:0x3ffbae90 0x400d8db2:0x3ffbaeb0 0x400d7da0:0x3ffbaed0 0x4016f74f:0x3ffbaf50 0x4008b915:0x3ffbaf80




ELF file SHA256: 9d826290

Rebooting...
ets Jul 29 2019 12:21:46

rst:0xc (SW_CPU_RESET),boot:0x13 (SPI_FAST_FLASH_BOOT)
configsip: 0, SPIWP:0xee
clk_drv:0x00,q_drv:0x00,d_drv:0x00,cs0_drv:0x00,hd_drv:0x00,wp_drv:0x00
mode:DIO, clock div:2
load:0x3fff0030,len:7092
load:0x40078000,len:15584
ho 0 tail 12 room 4
load:0x40080400,len:4
load:0x40080404,len:3876
entry 0x4008064c
[0;32mI (31) boot: ESP-IDF HEAD-HASH-NOTFOUND 2nd stage bootloader[0m
[0;32mI (31) boot: compile time Jun  2 2024 11:03:19[0m
[0;32mI (32) boot: Multicore bootloader[0m
[0;32mI (36) boot: chip revision: v3.0[0m
[0;32mI (40) boot.esp32: SPI Speed      : 40MHz[0m
[0;32mI (45) boot.esp32: SPI Mode       : DIO[0m
[0;32mI (49) boot.esp32: SPI Flash Size : 2MB[0m
[0;32mI (54) boot: Enabling RNG early entropy source...[0m
[0;32mI (59) boot: Partition Table:[0m
[0;32mI (63) boot: ## Label            Usage          Type ST Offset   Length[0m
[0;32mI (70) boot:  0 nvs              WiFi data        01 02 00009000 00006000[0m
[0;32mI (78) boot:  1 phy_init         RF data          01 01 0000f000 00001000[0m
[0;32mI (85) boot:  2 factory          factory app      00 00 00010000 00100000[0m
[0;32mI (93) boot: End of partition table[0m
[0;32mI (97) esp_image: segment 0: paddr=00010020 vaddr=3f400020 size=2a688h (173704) map[0m
[0;32mI (168) esp_image: segment 1: paddr=0003a6b0 vaddr=3ffb0000 size=03d48h ( 15688) load[0m
[0;32mI (174) esp_image: segment 2: paddr=0003e400 vaddr=40080000 size=01c18h (  7192) load[0m
[0;32mI (178) esp_image: segment 3: paddr=00040020 vaddr=400d0020 size=a1894h (661652) map[0m
[0;32mI (421) esp_image: segment 4: paddr=000e18bc vaddr=40081c18 size=16930h ( 92464) load[0m
[0;32mI (472) boot: Loaded app from partition at offset 0x10000[0m
[0;32mI (472) boot: Disabling RNG early entropy source...[0m
[0;32mI (483) cpu_start: Multicore app[0m
[0;32mI (484) cpu_start: Pro cpu up.[0m
[0;32mI (484) cpu_start: Starting app cpu, entry point is 0x4008153c[0m
[0;32mI (471) cpu_start: App cpu up.[0m
[0;32mI (502) cpu_start: Pro cpu start user code[0m
[0;32mI (502) cpu_start: cpu freq: 160000000 Hz[0m
[0;32mI (502) cpu_start: Application information:[0m
[0;32mI (507) cpu_start: Project name:     mqtt-tcp[0m
[0;32mI (512) cpu_start: App version:      3bdad92-dirty[0m
[0;32mI (517) cpu_start: Compile time:     Jun 19 2024 16:23:56[0m
[0;32mI (523) cpu_start: ELF file SHA256:  9d826290...[0m
[0;32mI (529) cpu_start: ESP-IDF:          HEAD-HASH-NOTFOUND[0m
[0;32mI (534) cpu_start: Min chip rev:     v0.0[0m
[0;32mI (539) cpu_start: Max chip rev:     v3.99 [0m
[0;32mI (544) cpu_start: Chip rev:         v3.0[0m
[0;32mI (549) heap_init: Initializing. RAM available for dynamic allocation:[0m
[0;32mI (556) heap_init: At 3FFAE6E0 len 00001920 (6 KiB): DRAM[0m
[0;32mI (562) heap_init: At 3FFB8C50 len 000273B0 (156 KiB): DRAM[0m
[0;32mI (568) heap_init: At 3FFE0440 len 00003AE0 (14 KiB): D/IRAM[0m
[0;32mI (575) heap_init: At 3FFE4350 len 0001BCB0 (111 KiB): D/IRAM[0m
[0;32mI (581) heap_init: At 40098548 len 00007AB8 (30 KiB): IRAM[0m
[0;32mI (589) spi_flash: detected chip: generic[0m
[0;32mI (592) spi_flash: flash io: dio[0m
[0;33mW (596) spi_flash: Detected size(4096k) larger than the size in the binary image header(2048k). Using the size in the binary image header.[0m
[0;33mW (609) mcpwm(legacy): legacy driver is deprecated, please migrate to `driver/mcpwm_prelude.h`[0m
[0;32mI (619) app_start: Starting scheduler on CPU0[0m
[0;32mI (623) app_start: Starting scheduler on CPU1[0m
[0;32mI (623) main_task: Started on CPU0[0m
[0;32mI (633) main_task: Calling app_main()[0m
[0;32mI (633) mqtt-logs: [APP] Startup..[0m
[0;32mI (633) mqtt-logs: [APP] Free memory: 275712 bytes[0m
[0;32mI (643) mqtt-logs: [APP] IDF version: HEAD-HASH-NOTFOUND[0m
[0;31mE (643) spi_master: check_trans_valid(763): invalid dev handle[0m

assert failed: spi_master_write_byte st7789.c:189 (ret==ESP_OK)


Backtrace: 0x40081ba2:0x3ffbace0 0x4008ad81:0x3ffbad00 0x40092b39:0x3ffbad20 0x400d8c7d:0x3ffbae40 0x400d8c9d:0x3ffbae90 0x400d8db2:0x3ffbaeb0 0x400d7da0:0x3ffbaed0 0x4016f74f:0x3ffbaf50 0x4008b915:0x3ffbaf80




ELF file SHA256: 9d826290

Rebooting...
ets Jul 29 2019 12:21:46

rst:0xc (SW_CPU_RESET),boot:0x13 (SPI_FAST_FLASH_BOOT)
configsip: 0, SPIWP:0xee
clk_drv:0x00,q_drv:0x00,d_drv:0x00,cs0_drv:0x00,hd_drv:0x00,wp_drv:0x00
mode:DIO, clock div:2
load:0x3fff0030,len:7092
load:0x40078000,len:15584
ho 0 tail 12 room 4
load:0x40080400,len:4
load:0x40080404,len:3876
entry 0x4008064c
[0;32mI (31) boot: ESP-IDF HEAD-HASH-NOTFOUND 2nd stage bootloader[0m
[0;32mI (31) boot: compile time Jun  2 2024 11:03:19[0m
[0;32mI (32) boot: Multicore bootloader[0m
[0;32mI (36) boot: chip revision: v3.0[0m
[0;32mI (40) boot.esp32: SPI Speed      : 40MHz[0m
[0;32mI (45) boot.esp32: SPI Mode       : DIO[0m
[0;32mI (49) boot.esp32: SPI Flash Size : 2MB[0m
[0;32mI (54) boot: Enabling RNG early entropy source...[0m
[0;32mI (59) boot: Partition Table:[0m
[0;32mI (63) boot: ## Label            Usage          Type ST Offset   Length[0m
[0;32mI (70) boot:  0 nvs              WiFi data        01 02 00009000 00006000[0m
[0;32mI (78) boot:  1 phy_init         RF data          01 01 0000f000 00001000[0m
[0;32mI (85) boot:  2 factory          factory app      00 00 00010000 00100000[0m
[0;32mI (93) boot: End of partition table[0m
[0;32mI (97) esp_image: segment 0: paddr=00010020 vaddr=3f400020 size=2a688h (173704) map[0m
[0;32mI (168) esp_image: segment 1: paddr=0003a6b0 vaddr=3ffb0000 size=03d48h ( 15688) load[0m
[0;32mI (174) esp_image: segment 2: paddr=0003e400 vaddr=40080000 size=01c18h (  7192) load[0m
[0;32mI (178) esp_image: segment 3: paddr=00040020 vaddr=400d0020 size=a1894h (661652) map[0m
[0;32mI (421) esp_image: segment 4: paddr=000e18bc vaddr=40081c18 size=16930h ( 92464) load[0m
[0;32mI (472) boot: Loaded app from partition at offset 0x10000[0m
[0;32mI (472) boot: Disabling RNG early entropy source...[0m
[0;32mI (483) cpu_start: Multicore app[0m
[0;32mI (484) cpu_start: Pro cpu up.[0m
[0;32mI (484) cpu_start: Starting app cpu, entry point is 0x4008153c[0m
[0;32mI (471) cpu_start: App cpu up.[0m
[0;32mI (502) cpu_start: Pro cpu start user code[0m
[0;32mI (502) cpu_start: cpu freq: 160000000 Hz[0m
[0;32mI (502) cpu_start: Application information:[0m
[0;32mI (507) cpu_start: Project name:     mqtt-tcp[0m
[0;32mI (512) cpu_start: App version:      3bdad92-dirty[0m
[0;32mI (517) cpu_start: Compile time:     Jun 19 2024 16:23:56[0m
[0;32mI (523) cpu_start: ELF file SHA256:  9d826290...[0m
[0;32mI (529) cpu_start: ESP-IDF:          HEAD-HASH-NOTFOUND[0m
[0;32mI (534) cpu_start: Min chip rev:     v0.0[0m
[0;32mI (539) cpu_start: Max chip rev:     v3.99 [0m
[0;32mI (544) cpu_start: Chip rev:         v3.0[0m
[0;32mI (549) heap_init: Initializing. RAM available for dynamic allocation:[0m
[0;32mI (556) heap_init: At 3FFAE6E0 len 00001920 (6 KiB): DRAM[0m
[0;32mI (562) heap_init: At 3FFB8C50 len 000273B0 (156 KiB): DRAM[0m
[0;32mI (568) heap_init: At 3FFE0440 len 00003AE0 (14 KiB): D/IRAM[0m
[0;32mI (575) heap_init: At 3FFE4350 len 0001BCB0 (111 KiB): D/IRAM[0m
[0;32mI (581) heap_init: At 40098548 len 00007AB8 (30 KiB): IRAM[0m
[0;32mI (589) spi_flash: detected chip: generic[0m
[0;32mI (592) spi_flash: flash io: dio[0m
[0;33mW (596) spi_flash: Detected size(4096k) larger than the size in the binary image header(2048k). Using the size in the binary image header.[0m
[0;33mW (609) mcpwm(legacy): legacy driver is deprecated, please migrate to `driver/mcpwm_prelude.h`[0m
[0;32mI (619) app_start: Starting scheduler on CPU0[0m
[0;32mI (623) app_start: Starting scheduler on CPU1[0m
[0;32mI (623) main_task: Started on CPU0[0m
[0;32mI (633) main_task: Calling app_main()[0m
[0;32mI (633) mqtt-logs: [APP] Startup..[0m
[0;32mI (633) mqtt-logs: [APP] Free memory: 275712 bytes[0m
[0;32mI (643) mqtt-logs: [APP] IDF version: HEAD-HASH-NOTFOUND[0m
[0;31mE (643) spi_master: check_trans_valid(763): invalid dev handle[0m

assert failed: spi_master_write_byte st7789.c:189 (ret==ESP_OK)


Backtrace: 0x40081ba2:0x3ffbace0 0x4008ad81:0x3ffbad00 0x40092b39:0x3ffbad20 0x400d8c7d:0x3ffbae40 0x400d8c9d:0x3ffbae90 0x400d8db2:0x3ffbaeb0 0x400d7da0:0x3ffbaed0 0x4016f74f:0x3ffbaf50 0x4008b915:0x3ffbaf80




ELF file SHA256: 9d826290

Rebooting...
ets Jul 29 2019 12:21:46

rst:0xc (SW_CPU_RESET),boot:0x13 (SPI_FAST_FLASH_BOOT)
configsip: 0, SPIWP:0xee
clk_drv:0x00,q_drv:0x00,d_drv:0x00,cs0_drv:0x00,hd_drv:0x00,wp_drv:0x00
mode:DIO, clock div:2
load:0x3fff0030,len:7092
load:0x40078000,len:15584
ho 0 tail 12 room 4
load:0x40080400,len:4
load:0x40080404,len:3876
entry 0x4008064c
[0;32mI (31) boot: ESP-IDF HEAD-HASH-NOTFOUND 2nd stage bootloader[0m
[0;32mI (31) boot: compile time Jun  2 2024 11:03:19[0m
[0;32mI (32) boot: Multicore bootloader[0m
[0;32mI (36) boot: chip revision: v3.0[0m
[0;32mI (40) boot.esp32: SPI Speed      : 40MHz[0m
[0;32mI (45) boot.esp32: SPI Mode       : DIO[0m
[0;32mI (49) boot.esp32: SPI Flash Size : 2MB[0m
[0;32mI (54) boot: Enabling RNG early entropy source...[0m
[0;32mI (59) boot: Partition Table:[0m
[0;32mI (63) boot: ## Label            Usage          Type ST Offset   Length[0m
[0;32mI (70) boot:  0 nvs              WiFi data        01 02 00009000 00006000[0m
[0;32mI (78) boot:  1 phy_init         RF data          01 01 0000f000 00001000[0m
[0;32mI (85) boot:  2 factory          factory app      00 00 00010000 00100000[0m
[0;32mI (93) boot: End of partition table[0m
[0;32mI (97) esp_image: segment 0: paddr=00010020 vaddr=3f400020 size=2a688h (173704) map[0m
[0;32mI (168) esp_image: segment 1: paddr=0003a6b0 vaddr=3ffb0000 size=03d48h ( 15688) load[0m
[0;32mI (174) esp_image: segment 2: paddr=0003e400 vaddr=40080000 size=01c18h (  7192) load[0m
[0;32mI (178) esp_image: segment 3: paddr=00040020 vaddr=400d0020 size=a1894h (661652) map[0m
[0;32mI (421) esp_image: segment 4: paddr=000e18bc vaddr=40081c18 size=16930h ( 92464) load[0m
[0;32mI (472) boot: Loaded app from partition at offset 0x10000[0m
[0;32mI (472) boot: Disabling RNG early entropy source...[0m
[0;32mI (483) cpu_start: Multicore app[0m
[0;32mI (484) cpu_start: Pro cpu up.[0m
[0;32mI (484) cpu_start: Starting app cpu, entry point is 0x4008153c[0m
[0;32mI (471) cpu_start: App cpu up.[0m
[0;32mI (502) cpu_start: Pro cpu start user code[0m
[0;32mI (502) cpu_start: cpu freq: 160000000 Hz[0m
[0;32mI (502) cpu_start: Application information:[0m
[0;32mI (507) cpu_start: Project name:     mqtt-tcp[0m
[0;32mI (512) cpu_start: App version:      3bdad92-dirty[0m
[0;32mI (517) cpu_start: Compile time:     Jun 19 2024 16:23:56[0m
[0;32mI (523) cpu_start: ELF file SHA256:  9d826290...[0m
[0;32mI (529) cpu_start: ESP-IDF:          HEAD-HASH-NOTFOUND[0m
[0;32mI (534) cpu_start: Min chip rev:     v0.0[0m
[0;32mI (539) cpu_start: Max chip rev:     v3.99 [0m
[0;32mI (544) cpu_start: Chip rev:         v3.0[0m
[0;32mI (549) heap_init: Initializing. RAM available for dynamic allocation:[0m
[0;32mI (556) heap_init: At 3FFAE6E0 len 00001920 (6 KiB): DRAM[0m
[0;32mI (562) heap_init: At 3FFB8C50 len 000273B0 (156 KiB): DRAM[0m
[0;32mI (568) heap_init: At 3FFE0440 len 00003AE0 (14 KiB): D/IRAM[0m
[0;32mI (575) heap_init: At 3FFE4350 len 0001BCB0 (111 KiB): D/IRAM[0m
[0;32mI (581) heap_init: At 40098548 len 00007AB8 (30 KiB): IRAM[0m
[0;32mI (589) spi_flash: detected chip: generic[0m
[0;32mI (592) spi_flash: flash io: dio[0m
[0;33mW (596) spi_flash: Detected size(4096k) larger than the size in the binary image header(2048k). Using the size in the binary image header.[0m
[0;33mW (609) mcpwm(legacy): legacy driver is deprecated, please migrate to `driver/mcpwm_prelude.h`[0m
[0;32mI (619) app_start: Starting scheduler on CPU0[0m
[0;32mI (623) app_start: Starting scheduler on CPU1[0m
[0;32mI (623) main_task: Started on CPU0[0m
[0;32mI (633) main_task: Calling app_main()[0m
[0;32mI (633) mqtt-logs: [APP] Startup..[0m
[0;32mI (633) mqtt-logs: [APP] Free memory: 275712 bytes[0m
[0;32mI (643) mqtt-logs: [APP] IDF version: HEAD-HASH-NOTFOUND[0m
[0;31mE (643) spi_master: check_trans_valid(763): invalid dev handle[0m

assert failed: spi_master_write_byte st7789.c:189 (ret==ESP_OK)


Backtrace: 0x40081ba2:0x3ffbace0 0x4008ad81:0x3ffbad00 0x40092b39:0x3ffbad20 0x400d8c7d:0x3ffbae40 0x400d8c9d:0x3ffbae90 0x400d8db2:0x3ffbaeb0 0x400d7da0:0x3ffbaed0 0x4016f74f:0x3ffbaf50 0x4008b915:0x3ffbaf80




ELF file SHA256: 9d826290

Rebooting...
ets Jul 29 2019 12:21:46

rst:0xc (SW_CPU_RESET),boot:0x13 (SPI_FAST_FLASH_BOOT)
configsip: 0, SPIWP:0xee
clk_drv:0x00,q_drv:0x00,d_drv:0x00,cs0_drv:0x00,hd_drv:0x00,wp_drv:0x00
mode:DIO, clock div:2
load:0x3fff0030,len:7092
load:0x40078000,len:15584
ho 0 tail 12 room 4
load:0x40080400,len:4
load:0x40080404,len:3876
entry 0x4008064c
[0;32mI (31) boot: ESP-IDF HEAD-HASH-NOTFOUND 2nd stage bootloader[0m
[0;32mI (31) boot: compile time Jun  2 2024 11:03:19[0m
[0;32mI (32) boot: Multicore bootloader[0m
[0;32mI (36) boot: chip revision: v3.0[0m
[0;32mI (40) boot.esp32: SPI Speed      : 40MHz[0m
[0;32mI (45) boot.esp32: SPI Mode       : DIO[0m
[0;32mI (49) boot.esp32: SPI Flash Size : 2MB[0m
[0;32mI (54) boot: Enabling RNG early entropy source...[0m
[0;32mI (59) boot: Partition Table:[0m
[0;32mI (63) boot: ## Label            Usage          Type ST Offset   Length[0m
[0;32mI (70) boot:  0 nvs              WiFi data        01 02 00009000 00006000[0m
[0;32mI (78) boot:  1 phy_init         RF data          01 01 0000f000 00001000[0m
[0;32mI (85) boot:  2 factory          factory app      00 00 00010000 00100000[0m
[0;32mI (93) boot: End of partition table[0m
[0;32mI (97) esp_image: segment 0: paddr=00010020 vaddr=3f400020 size=2a688h (173704) map[0m
[0;32mI (168) esp_image: segment 1: paddr=0003a6b0 vaddr=3ffb0000 size=03d48h ( 15688) load[0m
[0;32mI (174) esp_image: segment 2: paddr=0003e400 vaddr=40080000 size=01c18h (  7192) load[0m
[0;32mI (178) esp_image: segment 3: paddr=00040020 vaddr=400d0020 size=a1894h (661652) map[0m
[0;32mI (421) esp_image: segment 4: paddr=000e18bc vaddr=40081c18 size=16930h ( 92464) load[0m
ets Jul 29 2019 12:21:46

rst:0x1 (POWERON_RESET),boot:0x13 (SPI_FAST_FLASH_BOOT)
configsip: 0, SPIWP:0xee
clk_drv:0x00,q_drv:0x00,d_drv:0x00,cs0_drv:0x00,hd_drv:0x00,wp_drv:0x00
mode:DIO, clock div:2
load:0x3fff0030,len:7092
load:0x40078000,len:15584
ho 0 tail 12 room 4
load:0x40080400,len:4
load:0x40080404,len:3876
entry 0x4008064c
[0;32mI (31) boot: ESP-IDF HEAD-HASH-NOTFOUND 2nd stage bootloader[0m
[0;32mI (31) boot: compile time Jun  2 2024 11:03:19[0m
[0;32mI (32) boot: Multicore bootloader[0m
[0;32mI (36) boot: chip revision: v3.0[0m
[0;32mI (40) boot.esp32: SPI Speed      : 40MHz[0m
[0;32mI (45) boot.esp32: SPI Mode       : DIO[0m
[0;32mI (49) boot.esp32: SPI Flash Size : 2MB[0m
[0;32mI (54) boot: Enabling RNG early entropy source...[0m
[0;32mI (59) boot: Partition Table:[0m
[0;32mI (63) boot: ## Label            Usage          Type ST Offset   Length[0m
[0;32mI (70) boot:  0 nvs              WiFi data        01 02 00009000 00006000[0m
[0;32mI (78) boot:  1 phy_init         RF data          01 01 0000f000 00001000[0m
[0;32mI (85) boot:  2 factory          factory app      00 00 00010000 00100000[0m
[0;32mI (93) boot: End of partition table[0m
[0;32mI (97) esp_image: segment 0: paddr=00010020 vaddr=3f400020 size=2a688h (173704) map[0m
[0;32mI (168) esp_image: segment 1: paddr=0003a6b0 vaddr=3ffb0000 size=03d48h ( 15688) load[0m
[0;32mI (174) esp_image: segment 2: paddr=0003e400 vaddr=40080000 size=01c18h (  7192) load[0m
[0;32mI (178) esp_image: segment 3: paddr=00040020 vaddr=400d0020 size=a1894h (661652) map[0m
[0;32mI (421) esp_image: segment 4: paddr=000e18bc vaddr=40081c18 size=16930h ( 92464) load[0m
[0;32mI (472) boot: Loaded app from partition at offset 0x10000[0m
[0;32mI (472) boot: Disabling RNG early entropy source...[0m
[0;32mI (484) cpu_start: Multicore app[0m
[0;32mI (484) cpu_start: Pro cpu up.[0m
[0;32mI (484) cpu_start: Starting app cpu, entry point is 0x4008153c[0m
[0;32mI (0) cpu_start: App cpu up.[0m
[0;32mI (502) cpu_start: Pro cpu start user code[0m
[0;32mI (502) cpu_start: cpu freq: 160000000 Hz[0m
[0;32mI (502) cpu_start: Application information:[0m
[0;32mI (507) cpu_start: Project name:     mqtt-tcp[0m
[0;32mI (512) cpu_start: App version:      3bdad92-dirty[0m
[0;32mI (517) cpu_start: Compile time:     Jun 19 2024 16:23:56[0m
[0;32mI (523) cpu_start: ELF file SHA256:  9d826290...[0m
[0;32mI (528) cpu_start: ESP-IDF:          HEAD-HASH-NOTFOUND[0m
[0;32mI (534) cpu_start: Min chip rev:     v0.0[0m
[0;32mI (539) cpu_start: Max chip rev:     v3.99 [0m
[0;32mI (544) cpu_start: Chip rev:         v3.0[0m
[0;32mI (549) heap_init: Initializing. RAM available for dynamic allocation:[0m
[0;32mI (556) heap_init: At 3FFAE6E0 len 00001920 (6 KiB): DRAM[0m
[0;32mI (562) heap_init: At 3FFB8C50 len 000273B0 (156 KiB): DRAM[0m
[0;32mI (568) heap_init: At 3FFE0440 len 00003AE0 (14 KiB): D/IRAM[0m
[0;32mI (574) heap_init: At 3FFE4350 len 0001BCB0 (111 KiB): D/IRAM[0m
[0;32mI (581) heap_init: At 40098548 len 00007AB8 (30 KiB): IRAM[0m
[0;32mI (589) spi_flash: detected chip: generic[0m
[0;32mI (592) spi_flash: flash io: dio[0m
[0;33mW (596) spi_flash: Detected size(4096k) larger than the size in the binary image header(2048k). Using the size in the binary image header.[0m
[0;33mW (609) mcpwm(legacy): legacy driver is deprecated, please migrate to `driver/mcpwm_prelude.h`[0m
[0;32mI (619) app_start: Starting scheduler on CPU0[0m
[0;32mI (623) app_start: Starting scheduler on CPU1[0m
[0;32mI (623) main_task: Started on CPU0[0m
[0;32mI (633) main_task: Calling app_main()[0m
[0;32mI (633) mqtt-logs: [APP] Startup..[0m
[0;32mI (633) mqtt-logs: [APP] Free memory: 275712 bytes[0m
[0;32mI (643) mqtt-logs: [APP] IDF version: HEAD-HASH-NOTFOUND[0m
[0;31mE (643) spi_master: check_trans_valid(763): invalid dev handle[0m

assert failed: spi_master_write_byte st7789.c:189 (ret==ESP_OK)


Backtrace: 0x40081ba2:0x3ffbace0 0x4008ad81:0x3ffbad00 0x40092b3�ets Jul 29 2019 12:21:46

rst:0x1 (POWERON_RESET),boot:0x13 (SPI_FAST_FLASH_BOOT)
configsip: 0, SPIWP:0xee
clk_drv:0x00,q_drv:0x00,d_drv:0x00,cs0_drv:0x00,hd_drv:0x00,wp_drv:0x00
mode:DIO, clock div:2
load:0x3fff0030,len:7092
load:0x40078000,len:15584
ho 0 tail 12 room 4
load:0x40080400,len:4
load:0x40080404,len:3876
entry 0x4008064c
[0;32mI (31) boot: ESP-IDF HEAD-HASH-NOTFOUND 2nd stage bootloader[0m
[0;32mI (31) boot: compile time Jun  2 2024 11:03:19[0m
[0;32mI (32) boot: Multicore bootloader[0m
[0;32mI (36) boot: chip revision: v3.0[0m
[0;32mI (40) boot.esp32: SPI Speed      : 40MHz[0m
[0;32mI (45) boot.esp32: SPI Mode       : DIO[0m
[0;32mI (49) boot.esp32: SPI Flash Size : 2MB[0m
[0;32mI (54) boot: Enabling RNG early entropy source...[0m
[0;32mI (59) boot: Partition Table:[0m
[0;32mI (63) boot: ## Label            Usage          Type ST Offset   Length[0m
[0;32mI (70) boot:  0 nvs              WiFi data        01 02 00009000 00006000[0m
[0;32mI (78) boot:  1 phy_init         RF data          01 01 0000f000 00001000[0m
[0;32mI (85) boot:  2 factory          factory app      00 00 00010000 00100000[0m
[0;32mI (93) boot: End of partition table[0m
[0;32mI (97) esp_image: segment 0: paddr=00010020 vaddr=3f400020 size=2a688h (173704) map[0m
[0;32mI (168) esp_image: segment 1: paddr=0003a6b0 vaddr=3ffb0000 size=03d48h ( 15688) load[0m
[0;32mI (174) esp_image: segment 2: paddr=0003e400 vaddr=40080000 size=01c18h (  7192) load[0m
[0;32mI (178) esp_image: segment 3: paddr=00040020 vaddr=400d0020 size=a1894h (661652) map[0m
[0;32mI (421) esp_image: segment 4: paddr=000e18bc vaddr=40081c18 size=16930h ( 92464) load[0m
[0;32mI (472) boot: Loaded app from partition at offset 0x10000[0m
[0;32mI (472) boot: Disabling RNG early entropy source...[0m
[0;32mI (484) cpu_start: Multicore app[0m
[0;32mI (484) cpu_start: Pro cpu up.[0m
[0;32mI (484) cpu_start: Starting app cpu, entry point is 0x4008153c[0m
[0;32mI (0) cpu_start: App cpu up.[0m
[0;32mI (502) cpu_start: Pro cpu start user code[0m
[0;32mI (502) cpu_start: cpu freq: 160000000 Hz[0m
[0;32mI (502) cpu_start: Application information:[0m
[0;32mI (507) cpu_start: Project name:     mqtt-tcp[0m
[0;32mI (512) cpu_start: App version:      3bdad92-dirty[0m
[0;32mI (517) cpu_start: Compile time:     Jun 19 2024 16:23:56[0m
[0;32mI (523) cpu_start: ELF file SHA256:  9d826290...[0m
[0;32mI (528) cpu_start: ESP-IDF:          HEAD-HASH-NOTFOUND[0m
[0;32mI (534) cpu_start: Min chip rev:     v0.0[0m
[0;32mI (539) cpu_start: Max chip rev:     v3.99 [0m
[0;32mI (544) cpu_start: Chip rev:         v3.0[0m
[0;32mI (549) heap_init: Initializing. RAM available for dynamic allocation:[0m
[0;32mI (556) heap_init: At 3FFAE6E0 len 00001920 (6 KiB): DRAM[0m
[0;32mI (562) heap_init: At 3FFB8C50 len 000273B0 (156 KiB): DRAM[0m
[0;32mI (568) heap_init: At 3FFE0440 len 00003AE0 (14 KiB): D/IRAM[0m
[0;32mI (574) heap_init: At 3FFE4350 len 0001BCB0 (111 KiB): D/IRAM[0m
[0;32mI (581) heap_init: At 40098548 len 00007AB8 (30 KiB): IRAM[0m
[0;32mI (589) spi_flash: detected chip: generic[0m
[0;32mI (592) spi_flash: flash io: dio[0m
[0;33mW (596) spi_flash: Detected size(4096k) larger than the size in the binary image header(2048k). Using the size in the binary image header.[0m
[0;33mW (609) mcpwm(legacy): legacy driver is deprecated, please migrate to `driver/mcpwm_prelude.h`[0m
[0;32mI (619) app_start: Starting scheduler on CPU0[0m
[0;32mI (623) app_start: Starting scheduler on CPU1[0m
[0;32mI (623) main_task: Started on CPU0[0m
[0;32mI (633) main_task: Calling app_main()[0m
[0;32mI (633) mqtt-logs: [APP] Startup..[0m
[0;32mI (633) mqtt-logs: [APP] Free memory: 275712 bytes[0m
[0;32mI (643) mqtt-logs: [APP] IDF version: HEAD-HASH-NOTFOUND[0m
[0;31mE (643) spi_master: check_trans_valid(763): invalid dev handle[0m

assert failed: spi_master_write_byte st7789.c:189 (ret==ESP_OK)


Backtrace: 0x40081ba2:0x3ffbace0 0x4008ad81:0x3ffbad00 0x40092b39:0x3ffbad20 0x400d8c7d:0x3ffbae40 0x400d8c9d:0x3ffbae90 0x400d8db2:0x3ffbaeb0 0x400d7da0:0x3ffbaed0 0x4016f74f:0x3ffbaf50 0x4008b915:0x3ffbaf80




ELF file SHA256: 9d826290

Rebooting...
ets Jul 29 2019 12:21:46

rst:0xc (SW_CPU_RESET),boot:0x13 (SPI_FAST_FLASH_BOOT)
configsip: 0, SPIWP:0xee
clk_drv:0x00,q_drv:0x00,d_drv:0x00,cs0_drv:0x00,hd_drv:0x00,wp_drv:0x00
mode:DIO, clock div:2
load:0x3fff0030,len:7092
load:0x40078000,len:15584
ho 0 tail 12 room 4
load:0x40080400,len:4
load:0x40080404,len:3876
entry 0x4008064c
[0;32mI (31) boot: ESP-IDF HEAD-HASH-NOTFOUND 2nd stage bootloader[0m
[0;32mI (31) boot: compile time Jun  2 2024 11:03:19[0m
[0;32mI (32) boot: Multicore bootloader[0m
[0;32mI (36) boot: chip revision: v3.0[0m
[0;32mI (40) boot.esp32: SPI Speed      : 40MHz[0m
[0;32mI (45) boot.esp32: SPI Mode       : DIO[0m
[0;32mI (49) boot.esp32: SPI Flash Size : 2MB[0m
[0;32mI (54) boot: Enabling RNG early entropy source...[0m
[0;32mI (59) boot: Partition Table:[0m
[0;32mI (63) boot: ## Label            Usage          Type ST Offset   Length[0m
[0;32mI (70) boot:  0 nvs              WiFi data        01 02 00009000 00006000[0m
[0;32mI (78) boot:  1 phy_init         RF data          01 01 0000f000 00001000[0m
[0;32mI (85) boot:  2 factory          factory app      00 00 00010000 00100000[0m
[0;32mI (93) boot: End of partition table[0m
[0;32mI (97) esp_image: segment 0: paddr=00010020 vaddr=3f400020 size=2a688h (173704) map[0m
[0;32mI (168) esp_image: segment 1: paddr=0003a6b0 vaddr=3ffb0000 size=03d48h ( 15688) load[0m
[0;32mI (174) esp_image: segment 2: paddr=0003e400 vaddr=40080000 size=01c18h (  7192) load[0m
[0;32mI (178) esp_image: segment 3: paddr=00040020 vaddr=400d0020 size=a1894h (661652) map[0m
[0;32mI (421) esp_image: segment 4: paddr=000e18bc vaddr=40081c18 size=16930h ( 92464) load[0m
[0;32mI (472) boot: Loaded app from partition at offset 0x10000[0m
[0;32mI (472) boot: Disabling RNG early entropy source...[0m
[0;32mI (483) cpu_start: Multicore app[0m
[0;32mI (484) cpu_start: Pro cpu up.[0m
[0;32mI (484) cpu_start: Starting app cpu, entry point is 0x4008153c[0m
[0;32mI (471) cpu_start: App cpu up.[0m
[0;32mI (502) cpu_start: Pro cpu start user code[0m
[0;32mI (502) cpu_start: cpu freq: 160000000 Hz[0m
[0;32mI (502) cpu_start: Application information:[0m
[0;32mI (507) cpu_start: Project name:     mqtt-tcp[0m
[0;32mI (512) cpu_start: App version:      3bdad92-dirty[0m
[0;32mI (517) cpu_start: Compile time:     Jun 19 2024 16:23:56[0m
[0;32mI (523) cpu_start: ELF file SHA256:  9d826290...[0m
[0;32mI (529) cpu_start: ESP-IDF:          HEAD-HASH-NOTFOUND[0m
[0;32mI (534) cpu_start: Min chip rev:     v0.0[0m
[0;32mI (539) cpu_start: Max chip rev:     v3.99 [0m
[0;32mI (544) cpu_start: Chip rev:         v3.0[0m
[0;32mI (549) heap_init: Initializing. RAM available for dynamic allocation:[0m
[0;32mI (556) heap_init: At 3FFAE6E0 len 00001920 (6 KiB): DRAM[0m
[0;32mI (562) heap_init: At 3FFB8C50 len 000273B0 (156 KiB): DRAM[0m
[0;32mI (568) heap_init: At 3FFE0440 len 00003AE0 (14 KiB): D/IRAM[0m
[0;32mI (575) heap_init: At 3FFE4350 len 0001BCB0 (111 KiB): D/IRAM[0m
[0;32mI (581) heap_init: At 40098548 len 00007AB8 (30 KiB): IRAM[0m
[0;32mI (589) spi_flash: detected chip: generic[0m
[0;32mI (592) spi_flash: flash io: dio[0m
[0;33mW (596) spi_flash: Detected size(4096k) larger than the size in the binary image header(2048k). Using the size in the binary image header.[0m
[0;33mW (609) mcpwm(legacy): legacy driver is deprecated, please migrate to `driver/mcpwm_prelude.h`[0m
[0;32mI (619) app_start: Starting scheduler on CPU0[0m
[0;32mI (623) app_start: Starting scheduler on CPU1[0m
[0;32mI (623) main_task: Started on CPU0[0m
[0;32mI (633) main_task: Calling app_main()[0m
[0;32mI (633) mqtt-logs: [APP] Startup..[0m
[0;32mI (633) mqtt-logs: [APP] Free memory: 275712 bytes[0m
[0;32mI (643) mqtt-logs: [APP] IDF version: HEAD-HASH-NOTFOUND[0m
[0;31mE (643) spi_master: check_trans_valid(763): invalid dev handle[0m

assert failed: spi_master_write_byte st7789.c:189 (ret==ESP_OK)


Backtrace: 0x40081ba2:0x3ffbace0 0x4008ad81:0x3ffbad00 0x40092b39:0x3ffbad20 0x400d8c7d:0x3ffbae40 0x400d8c9d:0x3ffbae90 0x400d8db2:0x3ffbaeb0 0x400d7da0:0x3ffbaed0 0x4016f74f:0x3ffbaf50 0x4008b915:0x3ffbaf80




ELF file SHA256: 9d826290

Rebooting...
ets Jul 29 2019 12:21:46

rst:0xc (SW_CPU_RESET),boot:0x13 (SPI_FAST_FLASH_BOOT)
configsip: 0, SPIWP:0xee
clk_drv:0x00,q_drv:0x00,d_drv:0x00,cs0_drv:0x00,hd_drv:0x00,wp_drv:0x00
mode:DIO, clock div:2
load:0x3fff0030,len:7092
load:0x40078000,len:15584
ho 0 tail 12 room 4
load:0x40080400,len:4
load:0x40080404,len:3876
entry 0x4008064c
[0;32mI (31) boot: ESP-IDF HEAD-HASH-NOTFOUND 2nd stage bootloader[0m
[0;32mI (31) boot: compile time Jun  2 2024 11:03:19[0m
[0;32mI (32) boot: Multicore bootloader[0m
[0;32mI (36) boot: chip revision: v3.0[0m
[0;32mI (40) boot.esp32: SPI Speed      : 40MHz[0m
[0;32mI (45) boot.esp32: SPI Mode       : DIO[0m
[0;32mI (49) boot.esp32: SPI Flash Size : 2MB[0m
[0;32mI (54) boot: Enabling RNG early entropy source...[0m
[0;32mI (59) boot: Partition Table:[0m
[0;32mI (63) boot: ## Label            Usage          Type ST Offset   Length[0m
[0;32mI (70) boot:  0 nvs              WiFi data        01 02 00009000 00006000[0m
[0;32mI (78) boot:  1 phy_init         RF data          01 01 0000f000 00001000[0m
[0;32mI (85) boot:  2 factory          factory app      00 00 00010000 00100000[0m
[0;32mI (93) boot: End of partition table[0m
[0;32mI (97) esp_image: segment 0: paddr=00010020 vaddr=3f400020 size=2a688h (173704) map[0m
[0;32mI (168) esp_image: segment 1: paddr=0003a6b0 vaddr=3ffb0000 size=03d48h ( 15688) load[0m
[0;32mI (174) esp_image: segment 2: paddr=0003e400 vaddr=40080000 size=01c18h (  7192) load[0m
[0;32mI (178) esp_image: segment 3: paddr=00040020 vaddr=400d0020 size=a1894h (661652) map[0m
[0;32mI (421) esp_image: segment 4: paddr=000e18bc vaddr=40081c18 size=16930h ( 92464) load[0m
[0;32mI (472) boot: Loaded app from partition at offset 0x10000[0m
[0;32mI (472) boot: Disabling RNG early entropy source...[0m
[0;32mI (483) cpu_start: Multicore app[0m
[0;32mI (484) cpu_start: Pro cpu up.[0m
[0;32mI (484) cpu_start: Starting app cpu, entry point is 0x4008153c[0m
[0;32mI (471) cpu_start: App cpu up.[0m
[0;32mI (502) cpu_start: Pro cpu start user code[0m
[0;32mI (502) cpu_start: cpu freq: 160000000 Hz[0m
[0;32mI (502) cpu_start: Application information:[0m
[0;32mI (507) cpu_start: Project name:     mqtt-tcp[0m
[0;32mI (512) cpu_start: App version:      3bdad92-dirty[0m
[0;32mI (517) cpu_start: Compile time:     Jun 19 2024 16:23:56[0m
[0;32mI (523) cpu_start: ELF file SHA256:  9d826290...[0m
[0;32mI (529) cpu_start: ESP-IDF:          HEAD-HASH-NOTFOUND[0m
[0;32mI (534) cpu_start: Min chip rev:     v0.0[0m
[0;32mI (539) cpu_start: Max chip rev:     v3.99 [0m
[0;32mI (544) cpu_start: Chip rev:         v3.0[0m
[0;32mI (549) heap_init: Initializing. RAM available for dynamic allocation:[0m
[0;32mI (556) heap_init: At 3FFAE6E0 len 00001920 (6 KiB): DRAM[0m
[0;32mI (562) heap_init: At 3FFB8C50 len 000273B0 (156 KiB): DRAM[0m
[0;32mI (568) heap_init: At 3FFE0440 len 00003AE0 (14 KiB): D/IRAM[0m
[0;32mI (575) heap_init: At 3FFE4350 len 0001BCB0 (111 KiB): D/IRAM[0m
[0;32mI (581) heap_init: At 40098548 len 00007AB8 (30 KiB): IRAM[0m
[0;32mI (589) spi_flash: detected chip: generic[0m
[0;32mI (592) spi_flash: flash io: dio[0m
[0;33mW (596) spi_flash: Detected size(4096k) larger than the size in the binary image header(2048k). Using the size in the binary image header.[0m
[0;33mW (609) mcpwm(legacy): legacy driver is deprecated, please migrate to `driver/mcpwm_prelude.h`[0m
[0;32mI (619) app_start: Starting scheduler on CPU0[0m
[0;32mI (623) app_start: Starting scheduler on CPU1[0m
[0;32mI (623) main_task: Started on CPU0[0m
[0;32mI (633) main_task: Calling app_main()[0m
[0;32mI (633) mqtt-logs: [APP] Startup..[0m
[0;32mI (633) mqtt-logs: [APP] Free memory: 275712 bytes[0m
[0;32mI (643) mqtt-logs: [APP] IDF version: HEAD-HASH-NOTFOUND[0m
[0;31mE (643) spi_master: check_trans_valid(763): invalid dev handle[0m

assert failed: spi_master_write_byte st7789.c:189 (ret==ESP_OK)


Backtrace: 0x40081ba2:0x3ffbace0 0x4008ad81:0x3ffbad00 0x40092b39:0x3ffbad20 0x400d8c7d:0x3ffbae40 0x400d8c9d:0x3ffbae90 0x400d8db2:0x3ffbaeb0 0x400d7da0:0x3ffbaed0 0x4016f74f:0x3ffbaf50 0x4008b915:0x3ffbaf80




ELF file SHA256: 9d826290

Rebooting...
ets Jul 29 2019 12:21:46

rst:0xc (SW_CPU_RESET),boot:0x13 (SPI_FAST_FLASH_BOOT)
configsip: 0, SPIWP:0xee
clk_drv:0x00,q_drv:0x00,d_drv:0x00,cs0_drv:0x00,hd_drv:0x00,wp_drv:0x00
mode:DIO, clock div:2
load:0x3fff0030,len:7092
load:0x40078000,len:15584
ho 0 tail 12 room 4
load:0x40080400,len:4
load:0x40080404,len:3876
entry 0x4008064c
[0;32mI (31) boot: ESP-IDF HEAD-HASH-NOTFOUND 2nd stage bootloader[0m
[0;32mI (31) boot: compile time Jun  2 2024 11:03:19[0m
[0;32mI (32) boot: Multicore bootloader[0m
[0;32mI (36) boot: chip revision: v3.0[0m
[0;32mI (40) boot.esp32: SPI Speed      : 40MHz[0m
[0;32mI (45) boot.esp32: SPI Mode       : DIO[0m
[0;32mI (49) boot.esp32: SPI Flash Size : 2MB[0m
[0;32mI (54) boot: Enabling RNG early entropy source...[0m
[0;32mI (59) boot: Partition Table:[0m
[0;32mI (63) boot: ## Label            Usage          Type ST Offset   Length[0m
[0;32mI (70) boot:  0 nvs              WiFi data        01 02 00009000 00006000[0m
[0;32mI (78) boot:  1 phy_init         RF data          01 01 0000f000 00001000[0m
[0;32mI (85) boot:  2 factory          factory app      00 00 00010000 00100000[0m
[0;32mI (93) boot: End of partition table[0m
[0;32mI (97) esp_image: segment 0: paddr=00010020 vaddr=3f400020 size=2a688h (173704) map[0m
[0;32mI (168) esp_image: segment 1: paddr=0003a6b0 vaddr=3ffb0000 size=03d48h ( 15688) load[0m
[0;32mI (174) esp_image: segment 2: paddr=0003e400 vaddr=40080000 size=01c18h (  7192) load[0m
[0;32mI (178) esp_image: segment 3: paddr=00040020 vaddr=400d0020 size=a1894h (661652) map[0m
[0;32mI (421) esp_image: segment 4: paddr=000e18bc vaddr=40081c18 size=16930h ( 92464) load[0m
[0;32mI (472) boot: Loaded app from partition at offset 0x10000[0m
[0;32mI (472) boot: Disabling RNG early entropy source...[0m
[0;32mI (483) cpu_start: Multicore app[0m
[0;32mI (484) cpu_start: Pro cpu up.[0m
[0;32mI (484) cpu_start: Starting app cpu, entry point is 0x4008153c[0m
[0;32mI (471) cpu_start: App cpu up.[0m
[0;32mI (502) cpu_start: Pro cpu start user code[0m
[0;32mI (502) cpu_start: cpu freq: 160000000 Hz[0m
[0;32mI (502) cpu_start: Application information:[0m
[0;32mI (507) cpu_start: Project name:     mqtt-tcp[0m
[0;32mI (512) cpu_start: App version:      3bdad92-dirty[0m
[0;32mI (517) cpu_start: Compile time:     Jun 19 2024 16:23:56[0m
[0;32mI (523) cpu_start: ELF file SHA256:  9d826290...[0m
[0;32mI (529) cpu_start: ESP-IDF:          HEAD-HASH-NOTFOUND[0m
[0;32mI (534) cpu_start: Min chip rev:     v0.0[0m
[0;32mI (539) cpu_start: Max chip rev:     v3.99 [0m
[0;32mI (544) cpu_start: Chip rev:         v3.0[0m
[0;32mI (549) heap_init: Initializing. RAM available for dynamic allocation:[0m
[0;32mI (556) heap_init: At 3FFAE6E0 len 00001920 (6 KiB): DRAM[0m
[0;32mI (562) heap_init: At 3FFB8C50 len 000273B0 (156 KiB): DRAM[0m
[0;32mI (568) heap_init: At 3FFE0440 len 00003AE0 (14 KiB): D/IRAM[0m
[0;32mI (575) heap_init: At 3FFE4350 len 0001BCB0 (111 KiB): D/IRAM[0m
[0;32mI (581) heap_init: At 40098548 len 00007AB8 (30 KiB): IRAM[0m
[0;32mI (589) spi_flash: detected chip: generic[0m
[0;32mI (592) spi_flash: flash io: dio[0m
[0;33mW (596) spi_flash: Detected size(4096k) larger than the size in the binary image header(2048k). Using the size in the binary image header.[0m
[0;33mW (609) mcpwm(legacy): legacy driver is deprecated, please migrate to `driver/mcpwm_prelude.h`[0m
[0;32mI (619) app_start: Starting scheduler on CPU0[0m
[0;32mI (623) app_start: Starting scheduler on CPU1[0m
[0;32mI (623) main_task: Started on CPU0[0m
[0;32mI (633) main_task: Calling app_main()[0m
[0;32mI (633) mqtt-logs: [APP] Startup..[0m
[0;32mI (633) mqtt-logs: [APP] Free memory: 275712 bytes[0m
[0;32mI (643) mqtt-logs: [APP] IDF version: HEAD-HASH-NOTFOUND[0m
[0;31mE (643) spi_master: check_trans_valid(763): invalid dev handle[0m

assert failed: spi_master_write_byte st7789.c:189 (ret==ESP_OK)


Backtrace: 0x40081ba2:0x3ffbace0 0x4008ad81:0x3ffbad00 0x40092b39:0x3ffbad20 0x400d8c7d:0x3ffbae40 0x400d8c9d:0x3ffbae90 0x400d8db2:0x3ffbaeb0 0x400d7da0:0x3ffbaed0 0x4016f74f:0x3ffbaf50 0x4008b915:0x3ffbaf80




ELF file SHA256: 9d826290

Rebooting...
ets Jul 29 2019 12:21:46

rst:0xc (SW_CPU_RESET),boot:0x13 (SPI_FAST_FLASH_BOOT)
configsip: 0, SPIWP:0xee
clk_drv:0x00,q_drv:0x00,d_drv:0x00,cs0_drv:0x00,hd_drv:0x00,wp_drv:0x00
mode:DIO, clock div:2
load:0x3fff0030,len:7092
load:0x40078000,len:15584
ho 0 tail 12 room 4
load:0x40080400,len:4
load:0x40080404,len:3876
entry 0x4008064c
[0;32mI (31) boot: ESP-IDF HEAD-HASH-NOTFOUND 2nd stage bootloader[0m
[0;32mI (31) boot: compile time Jun  2 2024 11:03:19[0m
[0;32mI (32) boot: Multicore bootloader[0m
[0;32mI (36) boot: chip revision: v3.0[0m
[0;32mI (40) boot.esp32: SPI Speed      : 40MHz[0m
[0;32mI (45) boot.esp32: SPI Mode       : DIO[0m
[0;32mI (49) boot.esp32: SPI Flash Size : 2MB[0m
[0;32mI (54) boot: Enabling RNG early entropy source...[0m
[0;32mI (59) boot: Partition Table:[0m
[0;32mI (63) boot: ## Label            Usage          Type ST Offset   Length[0m
[0;32mI (70) boot:  0 nvs              WiFi data        01 02 00009000 00006000[0m
[0;32mI (78) boot:  1 phy_init         RF data          01 01 0000f000 00001000[0m
[0;32mI (85) boot:  2 factory          factory app      00 00 00010000 00100000[0m
[0;32mI (93) boot: End of partition table[0m
[0;32mI (97) esp_image: segment 0: paddr=00010020 vaddr=3f400020 size=2a688h (173704) map[0m
[0;32mI (168) esp_image: segment 1: paddr=0003a6b0 vaddr=3ffb0000 size=03d48h ( 15688) load[0m
[0;32mI (174) esp_image: segment 2: paddr=0003e400 vaddr=40080000 size=01c18h (  7192) load[0m
[0;32mI (178) esp_image: segment 3: paddr=00040020 vaddr=400d0020 size=a1894h (661652) map[0m
[0;32mI (421) esp_image: segment 4: paddr=000e18bc vaddr=40081c18 size=16930h ( 92464) load[0m
[0;32mI (472) boot: Loaded app from partition at offset 0x10000[0m
[0;32mI (472) boot: Disabling RNG early entropy source...[0m
[0;32mI (483) cpu_start: Multicore app[0m
[0;32mI (484) cpu_start: Pro cpu up.[0m
[0;32mI (484) cpu_start: Starting app cpu, entry point is 0x4008153c[0m
[0;32mI (471) cpu_start: App cpu up.[0m
[0;32mI (502) cpu_start: Pro cpu start user code[0m
[0;32mI (502) cpu_start: cpu freq: 160000000 Hz[0m
[0;32mI (502) cpu_start: Application information:[0m
[0;32mI (507) cpu_start: Project name:     mqtt-tcp[0m
[0;32mI (512) cpu_start: App version:      3bdad92-dirty[0m
[0;32mI (517) cpu_start: Compile time:     Jun 19 2024 16:23:56[0m
[0;32mI (523) cpu_start: ELF file SHA256:  9d826290...[0m
[0;32mI (529) cpu_start: ESP-IDF:          HEAD-HASH-NOTFOUND[0m
[0;32mI (534) cpu_start: Min chip rev:     v0.0[0m
[0;32mI (539) cpu_start: Max chip rev:     v3.99 [0m
[0;32mI (544) cpu_start: Chip rev:         v3.0[0m
[0;32mI (549) heap_init: Initializing. RAM available for dynamic allocation:[0m
[0;32mI (556) heap_init: At 3FFAE6E0 len 00001920 (6 KiB): DRAM[0m
[0;32mI (562) heap_init: At 3FFB8C50 len 000273B0 (156 KiB): DRAM[0m
[0;32mI (568) heap_init: At 3FFE0440 len 00003AE0 (14 KiB): D/IRAM[0m
[0;32mI (575) heap_init: At 3FFE4350 len 0001BCB0 (111 KiB): D/IRAM[0m
[0;32mI (581) heap_init: At 40098548 len 00007AB8 (30 KiB): IRAM[0m
[0;32mI (589) spi_flash: detected chip: generic[0m
[0;32mI (592) spi_flash: flash io: dio[0m
[0;33mW (596) spi_flash: Detected size(4096k) larger than the size in the binary image header(2048k). Using the size in the binary image header.[0m
[0;33mW (609) mcpwm(legacy): legacy driver is deprecated, please migrate to `driver/mcpwm_prelude.h`[0m
[0;32mI (619) app_start: Starting scheduler on CPU0[0m
[0;32mI (623) app_start: Starting scheduler on CPU1[0m
[0;32mI (623) main_task: Started on CPU0[0m
[0;32mI (633) main_task: Calling app_main()[0m
[0;32mI (633) mqtt-logs: [APP] Startup..[0m
[0;32mI (633) mqtt-logs: [APP] Free memory: 275712 bytes[0m
[0;32mI (643) mqtt-logs: [APP] IDF version: HEAD-HASH-NOTFOUND[0m
[0;31mE (643) spi_master: check_trans_valid(763): invalid dev handle[0m

assert failed: spi_master_write_byte st7789.c:189 (ret==ESP_OK)


Backtrace: 0x40081ba2:0x3ffbace0 0x4008ad81:0x3ffbad00 0x40092b39:0x3ffbad20 0x400d8c7d:0x3ffbae40 0x400d8c9d:0x3ffbae90 0x400d8db2:0x3ffbaeb0 0x400d7da0:0x3ffbaed0 0x4016f74f:0x3ffbaf50 0x4008b915:0x3ffbaf80




ELF file SHA256: 9d826290

Rebooting...
ets Jul 29 2019 12:21:46

rst:0xc (SW_CPU_RESET),boot:0x13 (SPI_FAST_FLASH_BOOT)
configsip: 0, SPIWP:0xee
clk_drv:0x00,q_drv:0x00,d_drv:0x00,cs0_drv:0x00,hd_drv:0x00,wp_drv:0x00
mode:DIO, clock div:2
load:0x3fff0030,len:7092
load:0x40078000,len:15584
ho 0 tail 12 room 4
load:0x40080400,len:4
load:0x40080404,len:3876
entry 0x4008064c
[0;32mI (31) boot: ESP-IDF HEAD-HASH-NOTFOUND 2nd stage bootloader[0m
[0;32mI (31) boot: compile time Jun  2 2024 11:03:19[0m
[0;32mI (32) boot: Multicore bootloader[0m
[0;32mI (36) boot: chip revision: v3.0[0m
[0;32mI (40) boot.esp32: SPI Speed      : 40MHz[0m
[0;32mI (45) boot.esp32: SPI Mode       : DIO[0m
[0;32mI (49) boot.esp32: SPI Flash Size : 2MB[0m
[0;32mI (54) boot: Enabling RNG early entropy source...[0m
[0;32mI (59) boot: Partition Table:[0m
[0;32mI (63) boot: ## Label            Usage          Type ST Offset   Length[0m
[0;32mI (70) boot:  0 nvs              WiFi data        01 02 00009000 00006000[0m
[0;32mI (78) boot:  1 phy_init         RF data          01 01 0000f000 00001000[0m
[0;32mI (85) boot:  2 factory          factory app      00 00 00010000 00100000[0m
[0;32mI (93) boot: End of partition table[0m
[0;32mI (97) esp_image: segment 0: paddr=00010020 vaddr=3f400020 size=2a688h (173704) map[0m
[0;32mI (168) esp_image: segment 1: paddr=0003a6b0 vaddr=3ffb0000 size=03d48h ( 15688) load[0m
[0;32mI (174) esp_image: segment 2: paddr=0003e400 vaddr=40080000 size=01c18h (  7192) load[0m
[0;32mI (178) esp_image: segment 3: paddr=00040020 vaddr=400d0020 size=a1894h (661652) map[0m
[0;32mI (421) esp_image: segment 4: paddr=000e18bc vaddr=40081c18 size=16930h ( 92464) load[0m
[0;32mI (472) boot: Loaded app from partition at offset 0x10000[0m
[0;32mI (472) boot: Disabling RNG early entropy source...[0m
[0;32mI (483) cpu_start: Multicore app[0m
[0;32mI (484) cpu_start: Pro cpu up.[0m
[0;32mI (484) cpu_start: Starting app cpu, entry point is 0x4008153c[0m
[0;32mI (471) cpu_start: App cpu up.[0m
[0;32mI (502) cpu_start: Pro cpu start user code[0m
[0;32mI (502) cpu_start: cpu freq: 160000000 Hz[0m
[0;32mI (502) cpu_start: Application information:[0m
[0;32mI (507) cpu_start: Project name:     mqtt-tcp[0m
[0;32mI (512) cpu_start: App version:      3bdad92-dirty[0m
[0;32mI (517) cpu_start: Compile time:     Jun 19 2024 16:23:56[0m
[0;32mI (523) cpu_start: ELF file SHA256:  9d826290...[0m
[0;32mI (529) cpu_start: ESP-IDF:          HEAD-HASH-NOTFOUND[0m
[0;32mI (534) cpu_start: Min chip rev:     v0.0[0m
[0;32mI (539) cpu_start: Max chip rev:     v3.99 [0m
[0;32mI (544) cpu_start: Chip rev:         v3.0[0m
[0;32mI (549) heap_init: Initializing. RAM available for dynamic allocation:[0m
[0;32mI (556) heap_init: At 3FFAE6E0 len 00001920 (6 KiB): DRAM[0m
[0;32mI (562) heap_init: At 3FFB8C50 len 000273B0 (156 KiB): DRAM[0m
[0;32mI (568) heap_init: At 3FFE0440 len 00003AE0 (14 KiB): D/IRAM[0m
[0;32mI (575) heap_init: At 3FFE4350 len 0001BCB0 (111 KiB): D/IRAM[0m
[0;32mI (581) heap_init: At 40098548 len 00007AB8 (30 KiB): IRAM[0m
[0;32mI (589) spi_flash: detected chip: generic[0m
[0;32mI (592) spi_flash: flash io: dio[0m
[0;33mW (596) spi_flash: Detected size(4096k) larger than the size in the binary image header(2048k). Using the size in the binary image header.[0m
[0;33mW (609) mcpwm(legacy): legacy driver is deprecated, please migrate to `driver/mcpwm_prelude.h`[0m
[0;32mI (619) app_start: Starting scheduler on CPU0[0m
[0;32mI (623) app_start: Starting scheduler on CPU1[0m
[0;32mI (623) main_task: Started on CPU0[0m
[0;32mI (633) �ets Jul 29 2019 12:21:46

rst:0x1 (POWERON_RESET),boot:0x13 (SPI_FAST_FLASH_BOOT)
configsip: 0, SPIWP:0xee
clk_drv:0x00,q_drv:0x00,d_drv:0x00,cs0_drv:0x00,hd_drv:0x00,wp_drv:0x00
mode:DIO, clock div:2
load:0x3fff0030,len:7092
load:0x40078000,len:15584
ho 0 tail 12 room 4
load:0x40080400,len:4
load:0x40080404,len:3876
entry 0x4008064c
[0;32mI (31) boot: ESP-IDF HEAD-HASH-NOTFOUND 2nd stage bootloader[0m
[0;32mI (31) boot: compile time Jun  2 2024 11:03:19[0m
[0;32mI (32) boot: Multicore bootloader[0m
[0;32mI (36) boot: chip revision: v3.0[0m
[0;32mI (40) boot.esp32: SPI Speed      : 40MHz[0m
[0;32mI (45) boot.esp32: SPI Mode       : DIO[0m
[0;32mI (49) boot.esp32: SPI Flash Size : 2MB[0m
[0;32mI (54) boot: Enabling RNG early entropy source...[0m
[0;32mI (59) boot: Partition Table:[0m
[0;32mI (63) boot: ## Label            Usage          Type ST Offset   Length[0m
[0;32mI (70) boot:  0 nvs              WiFi data        01 02 00009000 00006000[0m
[0;32mI (78) boot:  1 phy_init         RF data          01 01 0000f000 00001000[0m
[0;32mI (85) boot:  2 factory          factory app      00 00 00010000 00100000[0m
[0;32mI (93) boot: End of partition table[0m
[0;32mI (97) esp_image: segment 0: paddr=00010020 vaddr=3f400020 size=2a688h (173704) map[0m
[0;32mI (168) esp_image: segment 1: paddr=0003a6b0 vaddr=3ffb0000 size=03d48h ( 15688) load[0m
[0;32mI (174) esp_image: segment 2: paddr=0003e400 vaddr=40080000 size=01c18h (  7192) load[0m
[0;32mI (178) esp_image: segment 3: paddr=00040020 vaddr=400d0020 size=a1894h (661652) map[0m
[0;32mI (421) esp_image: segment 4: paddr=000e18bc vaddr=40081c18 size=16930h ( 92464) load[0m
[0;32mI (472) boot: Loaded app from partition at offset 0x10000[0m
[0;32mI (472) boot: Disabling RNG early entropy source...[0m
[0;32mI (484) cpu_start: Multicore app[0m
[0;32mI (484) cpu_start: Pro cpu up.[0m
[0;32mI (484) cpu_start: Starting app cpu, entry point is 0x4008153c[0m
[0;32mI (0) cpu_start: App cpu up.[0m
[0;32mI (502) cpu_start: Pro cpu start user code[0m
[0;32mI (502) cpu_start: cpu freq: 160000000 Hz[0m
[0;32mI (502) cpu_start: Application information:[0m
[0;32mI (507) cpu_start: Project name:     mqtt-tcp[0m
[0;32mI (512) cpu_start: App version:      3bdad92-dirty[0m
[0;32mI (517) cpu_start: Compile time:     Jun 19 2024 16:23:56[0m
[0;32mI (523) cpu_start: ELF file SHA256:  9d826290...[0m
[0;32mI (528) cpu_start: ESP-IDF:          HEAD-HASH-NOTFOUND[0m
[0;32mI (534) cpu_start: Min chip rev:     v0.0[0m
[0;32mI (539) cpu_start: Max chip rev:     v3.99 [0m
[0;32mI (544) cpu_start: Chip rev:         v3.0[0m
[0;32mI (549) heap_init: Initializing. RAM available for dynamic allocation:[0m
[0;32mI (556) heap_init: At 3FFAE6E0 len 00001920 (6 KiB): DRAM[0m
[0;32mI (562) heap_init: At 3FFB8C50 len 000273B0 (156 KiB): DRAM[0m
[0;32mI (568) heap_init: At 3FFE0440 len 00003AE0 (14 KiB): D/IRAM[0m
[0;32mI (574) heap_init: At 3FFE4350 len 0001BCB0 (111 KiB): D/IRAM[0m
[0;32mI (581) heap_init: At 40098548 len 00007AB8 (30 KiB): IRAM[0m
[0;32mI (589) spi_flash: detected chip: generic[0m
[0;32mI (592) spi_flash: flash io: dio[0m
[0;33mW (596) spi_flash: Detected size(4096k) larger than the size in the binary image header(2048k). Using the size in the binary image header.[0m
[0;33mW (609) mcpwm(legacy): legacy driver is deprecated, please migrate to `driver/mcpwm_prelude.h`[0m
[0;32mI (619) app_start: Starting scheduler on CPU0[0m
[0;32mI (623) app_start: Starting scheduler on CPU1[0m
[0;32mI (623) main_task: Started on CPU0[0m
[0;32mI (633) main_task: Calling app_main()[0m
[0;32mI (633) mqtt-logs: [APP] Startup..[0m
[0;32mI (633) mqtt-logs: [APP] Free memory: 275712 bytes[0m
[0;32mI (643) mqtt-logs: [APP] IDF version: HEAD-HASH-NOTFOUND[0m
[0;31mE (643) spi_master: check_trans_valid(763): invalid dev handle[0m

assert failed: spi_master_write_byte st7789.c:189 (ret==ESP_OK)


Backtrace: 0x40081ba2:0x3ffbace0 0x4008ad81:0x3ffbad00 0x40092b39:0x3ffbad20 0x400d8c7d:0x3ffbae40 0x400d8c9d:0x3ffbae90 0x400d8db2:0x3ffbaeb0 0x400d7da0:0x3ffbaed0 0x4016f74f:0x3ffbaf50 0x4008b915:0x3ffbaf80




ELF file SHA256: 9d826290

Rebooting...
ets Jul 29 2019 12:21:46

rst:0xc (SW_CPU_RESET),boot:0x13 (SPI_FAST_FLASH_BOOT)
configsip: 0, SPIWP:0xee
clk_drv:0x00,q_drv:0x00,d_drv:0x00,cs0_drv:0x00,hd_drv:0x00,wp_drv:0x00
mode:DIO, clock div:2
load:0x3fff0030,len:7092
load:0x40078000,len:15584
ho 0 tail 12 room 4
load:0x40080400,len:4
load:0x40080404,len:3876
entry 0x4008064c
[0;32mI (31) boot: ESP-IDF HEAD-HASH-NOTFOUND 2nd stage bootloader[0m
[0;32mI (31) boot: compile time Jun  2 2024 11:03:19[0m
[0;32mI (32) boot: Multicore bootloader[0m
[0;32mI (36) boot: chip revision: v3.0[0m
[0;32mI (40) boot.esp32: SPI Speed      : 40MHz[0m
[0;32mI (45) boot.esp32: SPI Mode       : DIO[0m
[0;32mI (49) boot.esp32: SPI Flash Size : 2MB[0m
[0;32mI (54) boot: Enabling RNG early entropy source...[0m
[0;32mI (59) boot: Partition Table:[0m
[0;32mI (63) boot: ## Label            Usage          Type ST Offset   Length[0m
[0;32mI (70) boot:  0 nvs              WiFi data        01 02 00009000 00006000[0m
[0;32mI (78) boot:  1 phy_init         RF data          01 01 0000f000 00001000[0m
[0;32mI (85) boot:  2 factory          factory app      00 00 00010000 00100000[0m
[0;32mI (93) boot: End of partition table[0m
[0;32mI (97) esp_image: segment 0: paddr=00010020 vaddr=3f400020 size=2a688h (173704) map[0m
[0;32mI (168) esp_image: segment 1: paddr=0003a6b0 vaddr=3ffb0000 size=03d48h ( 15688) load[0m
[0;32mI (174) esp_image: segment 2: paddr=0003e400 vaddr=40080000 size=01c18h (  7192) load[0m
[0;32mI (178) esp_image: segment 3: paddr=00040020 vaddr=400d0020 size=a1894h (661652) map[0m
ets Jul 29 2019 12:21:46

rst:0x1 (POWERON_RESET),boot:0x13 (SPI_FAST_FLASH_BOOT)
configsip: 0, SPIWP:0xee
clk_drv:0x00,q_drv:0x00,d_drv:0x00,cs0_drv:0x00,hd_drv:0x00,wp_drv:0x00
mode:DIO, clock div:2
load:0x3fff0030,len:7092
load:0x40078000,len:15584
ho 0 tail 12 room 4
load:0x40080400,len:4
load:0x40080404,len:3876
entry 0x4008064c
[0;32mI (31) boot: ESP-IDF HEAD-HASH-NOTFOUND 2nd stage bootloader[0m
[0;32mI (31) boot: compile time Jun  2 2024 11:03:19[0m
[0;32mI (32) boot: Multicore bootloader[0m
[0;32mI (36) boot: chip revision: v3.0[0m
[0;32mI (40) boot.esp32: SPI Speed      : 40MHz[0m
[0;32mI (45) boot.esp32: SPI Mode       : DIO[0m
[0;32mI (49) boot.esp32: SPI Flash Size : 2MB[0m
[0;32mI (54) boot: Enabling RNG early entropy source...[0m
[0;32mI (59) boot: Partition Table:[0m
[0;32mI (63) boot: ## Label            Usage          Type ST Offset   Length[0m
[0;32mI (70) boot:  0 nvs              WiFi data        01 02 00009000 00006000[0m
[0;32mI (78) boot:  1 phy_init         RF data          01 01 0000f000 00001000[0m
[0;32mI (85) boot:  2 factory          factory app      00 00 00010000 00100000[0m
[0;32mI (93) boot: End of partition table[0m
[0;32mI (97) esp_image: segment 0: paddr=00010020 vaddr=3f400020 size=2a688h (173704) map[0m
[0;32mI (168) esp_image: segment 1: paddr=0003a6b0 vaddr=3ffb0000 size=03d48h ( 15688) load[0m
[0;32mI (174) esp_image: segment 2: paddr=0003e400 vaddr=40080000 size=01c18h (  7192) load[0m
[0;32mI (178) esp_image: segment 3: paddr=00040020 vaddr=400d0020 size=a1894h (661652) map[0m
[0;32mI (421) esp_image: segment 4: paddr=000e18bc vaddr=40081c18 size=16930h ( 92464) load[0m
[0;32mI (472) boot: Loaded app from partition at offset 0x10000[0m
[0;32mI (472) boot: Disabling RNG early entropy source...[0m
[0;32mI (484) cpu_start: Multicore app[0m
[0;32mI (484) cpu_start: Pro cpu up.[0m
[0;32mI (484) cpu_start: Starting app cpu, entry point is 0x4008153c[0m
[0;32mI (0) cpu_start: App cpu up.[0m
[0;32mI (502) cpu_start: Pro cpu start user code[0m
[0;32mI (502) cpu_start: cpu freq: 160000000 Hz[0m
[0;32mI (502) cpu_start: Application information:[0m
[0;32mI (507) cpu_start: Project name:     mqtt-tcp[0m
[0;32mI (512) cpu_start: App version:      3bdad92-dirty[0m
[0;32mI (517) cpu_start: Compile time:     Jun 19 2024 16:23:56[0m
[0;32mI (523) cpu_start: ELF file SHA256:  9d826290...[0m
[0;32mI (528) cpu_start: ESP-IDF:          HEAD-HASH-NOTFOUND[0m
[0;32mI (534) cpu_start: Min chip rev:     v0.0[0m
[0;32mI (539) cpu_start: Max chip rev:     v3.99 [0m
[0;32mI (544) cpu_start: Chip rev:         v3.0[0m
[0;32mI (549) heap_init: Initializing. RAM available for dynamic allocation:[0m
[0;32mI (556) heap_init: At 3FFAE6E0 len 00001920 (6 KiB): DRAM[0m
[0;32mI (562) heap_init: At 3FFB8C50 len 000273B0 (156 KiB): DRAM[0m
[0;32mI (568) heap_init: At 3FFE0440 len 00003AE0 (14 KiB): D/IRAM[0m
[0;32mI (574) heap_init: At 3FFE4350 len 0001BCB0 (111 KiB): D/IRAM[0m
[0;32mI (581) heap_init: At 40098548 len 00007AB8 (30 KiB): IRAM[0m
[0;32mI (589) spi_flash: detected chip: generic[0m
[0;32mI (592) spi_flash: flash io: dio[0m
[0;33mW (596) spi_flash: Detected size(4096k) larger than the size in the binary image header(2048k). Using the size in the binary image header.[0m
[0;33mW (609) mcpwm(legacy): legacy driver is deprecated, please migrate to `driver/mcpwm_prelude.h`[0m
[0;32mI (619) app_start: Starting scheduler on CPU0[0m
[0;32mI (623) app_start: Starting scheduler on CPU1[0m
[0;32mI (623) main_task: Started on CPU0[0m
[0;32mI (633) main_task: Calling app_main()[0m
[0;32mI (633) mqtt-logs: [APP] Startup..[0m
[0;32mI (633) mqtt-logs: [APP] Free memory: 275712 bytes[0m
[0;32mI (643) mqtt-logs: [APP] IDF version: HEAD-HASH-NOTFOUND[0m
[0;31mE (643) spi_master: check_trans_valid(763): invalid dev handle[0m

assert failed: spi_master_write_byte st7789.c:189 (ret==ESP_OK)


Backtrace: 0x40081ba2:0x3ffbace0 0x4008ad81:0x3ffbad00 0x40092b39:0x3ffbad20 0x400d8c7d:0x3ffbae40 0x400d8c9d:0x3ffbae90 0x400d8db2:0x3ffbaeb0 0x400d7da0:0x3ffbaed0 0x4016f74f:0x3ffbaf50 0x4008b915:0x3ffbaf80




ELF file SHA256: 9d826290

Rebooting...
ets Jul 29 2019 12:21:46

rst:0xc (SW_CPU_RESET),boot:0x13 (SPI_FAST_FLASH_BOOT)
configsip: 0, SPIWP:0xee
clk_drv:0x00,q_drv:0x00,d_drv:0x00,cs0_drv:0x00,hd_drv:0x00,wp_drv:0x00
mode:DIO, clock div:2
load:0x3fff0030,len:7092
load:0x40078000,len:15584
ho 0 tail 12 room 4
load:0x40080400,len:4
load:0x40080404,len:3876
entry 0x4008064c
[0;32mI (31) boot: ESP-IDF HEAD-HASH-NOTFOUND 2nd stage bootloader[0m
[0;32mI (31) boot: compile time Jun  2 2024 11:03:19[0m
[0;32mI (32) boot: Multicore bootloader[0m
[0;32mI (36) boot: chip revision: v3.0[0m
[0;32mI (40) boot.esp32: SPI Speed      : 40MHz[0m
[0;32mI (45) boot.esp32: SPI Mode       : DIO[0m
[0;32mI (49) boot.esp32: SPI Flash Size : 2MB[0m
[0;32mI (54) boot: Enabling RNG early entropy source...[0m
[0;32mI (59) boot: Partition Table:[0m
[0;32mI (63) boot: ## Label            Usage          Type ST Offset   Length[0m
[0;32mI (70) boot:  0 nvs              WiFi data        01 02 00009000 00006000[0m
